
========================================================
== dumpstate: 2019-02-14 23:00:54
========================================================

Build: LVY48F
Build fingerprint: 'Amazon/suez/suez:5.1.1/LVY48F/40.6.2.6_user_626533320:user/release-keys'
Bootloader: unknown
Radio: unknown
Network: (unknown)
Kernel: Linux version 3.18.19+ (build@i3-ri-14-use1a-b-63) (gcc version 4.9 20140514 (prerelease) (GCC) ) #1 SMP PREEMPT Mon Nov 12 17:51:57 UTC 2018
Command line: console=tty0 console=ttyS0,921600n1 console=ttyMT0,921600n1 root=/dev/ram androidboot.hardware=mt8173 bootopt=64S3,32N2,64N2 lcm=0-nt51021_wuxga_dsi_vdo fps=6025 vram=33554432 androidboot.selinux=enforcing printk.disable_uart=1 bootprof.pl_t=3602 bootprof.lk_t=1823 boot_reason=0 androidboot.serialno=G000N60783560BDF androidboot.bootreason=power_key androidboot.barg_size_pair=440_440 androidboot.secure_cpu=1 androidboot.rpmb_state=1 androidboot.pl_version=0x0005 androidboot.lk_version=0x0002 androidboot.tee_version=0x0107 androidboot.prod=1 androidboot.unlocked_kernel=false androidboot.pl_build_desc=cbd9508-20181011_014339 androidboot.lk_build_desc=435c19e-20180611_040355 lp855x_maxcurr=20

------ UPTIME (uptime) ------
up time: 5 days, 10:48:12, idle time: 4 days, 00:23:36, sleep time: 1 days, 08:01:44
[uptime: 0.102s elapsed]

------ MMC PERF (/sys/block/mmcblk0/stat) ------
31951076  2764299 2240621938 163936770  3436696  3079738 151778161 118908140        0 27568080 282922040

------ MEMORY INFO (/proc/meminfo) ------
MemTotal:        1859320 kB
MemFree:          160400 kB
MemAvailable:     227376 kB
Buffers:            4448 kB
Cached:           192856 kB
SwapCached:            0 kB
Active:          1039916 kB
Inactive:          98500 kB
Active(anon):     946012 kB
Inactive(anon):     5596 kB
Active(file):      93904 kB
Inactive(file):    92904 kB
Unevictable:        3708 kB
Mlocked:             904 kB
SwapTotal:             0 kB
SwapFree:              0 kB
Dirty:                16 kB
Writeback:           100 kB
AnonPages:        944732 kB
Mapped:            92320 kB
Shmem:              7316 kB
Slab:              89952 kB
SReclaimable:      30620 kB
SUnreclaim:        59332 kB
KernelStack:       30208 kB
PageTables:        29236 kB
NFS_Unstable:          0 kB
Bounce:                0 kB
WritebackTmp:          0 kB
CommitLimit:      929660 kB
Committed_AS:   36130940 kB
VmallocTotal:   260046784 kB
VmallocUsed:      531672 kB
VmallocChunk:   259391168 kB

------ CPUINFO (/proc/cpuinfo) ------
Processor	: AArch64 Processor rev 2 (aarch64)
processor	: 0
model name	: AArch64 Processor rev 2 (aarch64)
BogoMIPS	: 26.00
Features	: fp asimd evtstrm aes pmull sha1 sha2 crc32
CPU implementer	: 0x41
CPU architecture: 8
CPU variant	: 0x0
CPU part	: 0xd03
CPU revision	: 2

processor	: 1
model name	: AArch64 Processor rev 2 (aarch64)
BogoMIPS	: 26.00
Features	: fp asimd evtstrm aes pmull sha1 sha2 crc32
CPU implementer	: 0x41
CPU architecture: 8
CPU variant	: 0x0
CPU part	: 0xd03
CPU revision	: 2

processor	: 2
model name	: AArch64 Processor rev 2 (aarch64)
BogoMIPS	: 26.00
Features	: fp asimd evtstrm aes pmull sha1 sha2 crc32
CPU implementer	: 0x41
CPU architecture: 8
CPU variant	: 0x0
CPU part	: 0xd08
CPU revision	: 0

Hardware	: MT8173
Serial		: 80ea979941bc4c46

------ DISKSTATS (/proc/diskstats) ------
   7       0 loop0 0 0 0 0 0 0 0 0 0 0 0
   7       1 loop1 0 0 0 0 0 0 0 0 0 0 0
   7       2 loop2 0 0 0 0 0 0 0 0 0 0 0
   7       3 loop3 0 0 0 0 0 0 0 0 0 0 0
   7       4 loop4 0 0 0 0 0 0 0 0 0 0 0
   7       5 loop5 0 0 0 0 0 0 0 0 0 0 0
   7       6 loop6 0 0 0 0 0 0 0 0 0 0 0
   7       7 loop7 0 0 0 0 0 0 0 0 0 0 0
 254       0 zram0 0 0 0 0 0 0 0 0 0 0 0
 179       0 mmcblk0 31951076 2764299 2240621938 163936770 3436696 3079738 151778161 118908140 0 27568080 282922040
 179       1 mmcblk0p1 2 0 72 0 2 0 16 10 0 10 10
 179       2 mmcblk0p2 0 0 0 0 0 0 0 0 0 0 0
 179       3 mmcblk0p3 284 35 59392 980 0 0 0 0 0 860 980
 179       4 mmcblk0p4 12485 1331 2572288 19180 0 0 0 0 0 15830 19070
 179       5 mmcblk0p5 0 0 0 0 0 0 0 0 0 0 0
 179       6 mmcblk0p6 0 0 0 0 0 0 0 0 0 0 0
 179       7 mmcblk0p7 0 0 0 0 0 0 0 0 0 0 0
 179       8 mmcblk0p8 1 0 32 100 0 0 0 0 0 100 100
 179       9 mmcblk0p9 0 0 0 0 0 0 0 0 0 0 0
 179      10 mmcblk0p10 0 0 0 0 0 0 0 0 0 0 0
 179      11 mmcblk0p11 0 0 0 0 0 0 0 0 0 0 0
 179      12 mmcblk0p12 71 3 18400 240 0 0 0 0 0 210 240
 179      13 mmcblk0p13 9770777 96892 504524354 50213310 0 0 0 0 0 11591790 50198310
 179      14 mmcblk0p14 1516 232 110652 16210 90 25 1131600 1630 0 16420 17810
 179      15 mmcblk0p15 22165930 2665806 1733336668 113686750 2983814 3079713 150646545 118371700 0 24502310 232133830
 179      96 mmcblk0rpmb 0 0 0 0 0 0 0 0 0 0 0
 179      64 mmcblk0boot1 2 0 128 10 0 0 0 0 0 10 10
 179      32 mmcblk0boot0 6 0 48 10 0 0 0 0 0 10 10
 179      33 mmcblk0boot0p1 0 0 0 0 0 0 0 0 0 0 0
 179      34 mmcblk0boot0p2 0 0 0 0 0 0 0 0 0 0 0
 179      35 mmcblk0boot0p3 0 0 0 0 0 0 0 0 0 0 0
 179      36 mmcblk0boot0p4 0 0 0 0 0 0 0 0 0 0 0

------ MOUNTS (/proc/mounts) ------
rootfs / rootfs ro,seclabel 0 0
tmpfs /dev tmpfs rw,seclabel,nosuid,relatime,mode=755 0 0
devpts /dev/pts devpts rw,seclabel,relatime,mode=600 0 0
proc /proc proc rw,relatime 0 0
sysfs /sys sysfs rw,seclabel,relatime 0 0
selinuxfs /sys/fs/selinux selinuxfs rw,relatime 0 0
debugfs /sys/kernel/debug debugfs rw,seclabel,relatime 0 0
none /acct cgroup rw,relatime,cpuacct 0 0
none /sys/fs/cgroup tmpfs rw,seclabel,relatime,mode=750,gid=1000 0 0
tmpfs /mnt/asec tmpfs rw,seclabel,relatime,mode=755,gid=1000 0 0
tmpfs /mnt/obb tmpfs rw,seclabel,relatime,mode=755,gid=1000 0 0
none /dev/cpuctl cgroup rw,relatime,cpu 0 0
tmpfs /dev/logd tmpfs rw,context=u:object_r:logd_tmpfs:s0,relatime,size=512k,mode=770,uid=1036,gid=1036 0 0
/dev/block/platform/mtk-msdc.0/by-name/system /system ext4 ro,seclabel,relatime,data=ordered 0 0
/dev/block/platform/mtk-msdc.0/by-name/userdata /data ext4 rw,seclabel,nosuid,nodev,noatime,noauto_da_alloc,resuid=10010,data=ordered 0 0
/dev/block/platform/mtk-msdc.0/by-name/cache /cache ext4 rw,seclabel,nosuid,nodev,noatime,noauto_da_alloc,data=ordered 0 0
/dev/block/loop0 /mnt/sqfs squashfs ro,context=u:object_r:squashfs_file:s0,relatime 0 0
/dev/block/loop1 /mnt/cd-rom iso9660 ro,relatime 0 0
adb /dev/usb-ffs/adb functionfs rw,relatime 0 0
/dev/fuse /mnt/shell/emulated fuse rw,nosuid,nodev,noexec,relatime,user_id=1023,group_id=1023,default_permissions,allow_other 0 0
/dev/block/loop2 /data/metrics ext4 rw,seclabel,relatime,data=ordered 0 0

------ TOP CPU INFO (top -n 1 -d 1 -m 30 -t) ------
^[quit



User 7%, System 8%, IOW 0%, IRQ 0%
User 6 + Nice 19 + Sys 30 + Idle 280 + IOW 0 + IRQ 0 + SIRQ 0 = 335

  PID   TID PR CPU% S       VSS       RSS PCY UID      Thread          Proc
  232 21158  2   6% R   236348K    39036K  fg media    captureReadThre /system/bin/mediaserver
11983 11983  1   6% R    13004K     2164K  fg shell    top             top
 1466  2323  0   3% S  1052920K    36360K  fg amz_u0a1 Thread-154      amazon.speech.wakewordservice
  206   276  1   0% S    40348K    10108K  bg logd     logd.writer     /system/bin/logd
  206   284  2   0% S    40348K    10108K  bg logd     logd.LOG_DUMPER /system/bin/logd
  141   141  0   0% S        0K        0K  fg root     display_idle_de 
  695 19649  1   0% R  1213712K    76528K  fg amz_u0a4 Binder_8        com.android.systemui
   42    42  1   0% S        0K        0K  fg root     cfinteractive   
  206   272  0   0% S    40348K    10108K  bg logd     logd.proxy      /system/bin/logd
  695   713  0   0% S  1213712K    76528K  fg amz_u0a4 Binder_1        com.android.systemui
25915 26027  0   0% S  1058036K    29660K  bg amz_u0a4 BatchOpenTimeWa amazon.alexa.tablet
 1136  1155  0   0% S  1055136K    40800K  fg amz_u0a4 Binder_1        amazon.speech.sim
 1466 15558  0   0% S  1052920K    36360K  fg amz_u0a1 Binder_5        amazon.speech.wakewordservice
  695  2071  1   0% S  1213712K    76528K  fg amz_u0a4 RenderThread    com.android.systemui
 1466  1488  0   0% S  1052920K    36360K  fg amz_u0a1 Binder_3        amazon.speech.wakewordservice
 1136  5691  0   0% S  1055136K    40800K  fg amz_u0a4 Binder_3        amazon.speech.sim
  695  2566  0   0% S  1213712K    76528K  fg amz_u0a4 Binder_5        com.android.systemui
 9881  9912  0   0% S  1050404K    40940K  bg u0_a32   WifiManager     org.kman.AquaMail
10790 10909  1   0% S  1131544K    74552K  bg amz_u0a5 nforcerThread-0 com.amazon.avod
  695 17597  0   0% S  1213712K    76528K  fg amz_u0a4 Binder_6        com.android.systemui
  695 13969  0   0% S  1213712K    76528K  fg amz_u0a4 Binder_7        com.android.systemui
   28    28  2   0% D        0K        0K  fg root     GCPU            
   29    29  0   0% S        0K        0K  fg root     update_tz_count 
   30    30  3   0% S        0K        0K  fg root     update_secureti 
   31    31  0   0% S        0K        0K  fg root     khungtaskd      
   32    32  2   0% S        0K        0K  fg root     writeback       
   33    33  0   0% S        0K        0K  fg root     crypto          
   34    34  0   0% S        0K        0K  fg root     bioset          
   35    35  0   0% S        0K        0K  fg root     kblockd         
   36    36  0   0% S        0K        0K  fg root     cmdq_auto_relea 
[top: 1.602s elapsed]

------ PROCRANK (procrank) ------
*** exec(procrank): Permission denied
*** procrank: Exit code 255
[procrank: 0.101s elapsed]

------ SYSTEM STATUS (/proc/stat) ------
cpu  9897686 5558365 6234969 33083774 2184166 591 15951 0 0 0
cpu0 5642931 3972627 3150413 20890787 634115 284 7117 0 0 0
cpu1 1757716 959577 1447909 7039093 634517 215 6309 0 0 0
intr 567963374 0 0 68750832 0 28 0 0 0 0 0 0 1 0 0 0 0 0 1 0 0 0 0 0 0 0 0 0 0 0 0 0 0 0 2 0 0 0 5024398 0 0 0 0 0 0 1556313 395342 1712786 68457 0 77018 1794286 700981 81127 16939808 89979440 0 5572 0 61824456 5181923 0 0 0 0 0 0 0 0 0 0 2549564 0 9673401 0 0 0 0 0 0 0 0 0 1861 0 0 0 0 9624003 67976 0 0 0 0 0 23818 0 0 0 0 38 25 0 3442851 0 0 11269 0 0 0 56 0 0 0 0 226502 0 0 0 0 0 0 0 0 0 0 0 0 0 0 0 0 0 0 0 0 0 0 0 0 0 0 0 0 0 0 0 0 0 0 0 0 0 0 0 0 0 0 0 0 0 0 0 0 0 0 0 0 0 0 0 0 0 0 0 0 0 0 0 0 0 0 0 0 0 0 0 0 0 0 0 0 0 0 0 0 0 0 0 0 0 0 0 0 0 0 0 0 0 0 0 0 0 0 0 0 0 0 0 0 0 0 0 0 0 0 0 0 0 0 0 0 0 0 0 0 0 0 0 0 0 0 0 0 0 0 0 0 0 0 0 0 0 0 0 0 0 0 0 0 0 0 0 0 0 0 0 0 0 0 0 0 0 0 0 0 0 0 0 0 0 0 0 0 0 0 0 0 0 0 0 0 0 0 0 0 0 0 0 0 0 0 0 0 0 0 0 0 0 0 0 0 0 0 0 0 0 0 0 0 0 0 0 0 0 0 0 0 0 24 10124 0 0 0 263 0 0 0 0 17 0 0 0 0 0 3713 0 0 0 0 0 0 0 0 0 0 0 0
ctxt 1156363051
btime 1549743162
processes 1107893
procs_running 2
procs_blocked 0
softirq 93386119 47786 38939318 47856 2379611 47786 47786 109235 23628399 98943 28039399

------ VIRTUAL MEMORY STATS (/proc/vmstat) ------
nr_free_pages 44590
nr_alloc_batch 1244
nr_inactive_anon 1400
nr_active_anon 236507
nr_inactive_file 20159
nr_active_file 21561
nr_unevictable 927
nr_mlock 226
nr_anon_pages 236217
nr_mapped 22697
nr_file_pages 44361
nr_dirty 0
nr_writeback 0
nr_slab_reclaimable 8658
nr_slab_unreclaimable 14834
nr_page_table_pages 7314
nr_kernel_stack 1889
nr_unstable 0
nr_bounce 0
nr_vmscan_write 15
nr_vmscan_immediate_reclaim 34266
nr_writeback_temp 0
nr_isolated_anon 0
nr_isolated_file 0
nr_shmem 1834
nr_dirtied 6658546
nr_written 6226973
nr_pages_scanned 0
workingset_refault 252617755
workingset_activate 52930042
workingset_nodereclaim 0
nr_anon_transparent_hugepages 0
nr_free_cma 0
nr_dirty_threshold 13474
nr_dirty_background_threshold 3368
pgpgin 1121194604
pgpgout 36484816
pswpin 0
pswpout 0
pgalloc_dma 479872927
pgalloc_normal 0
pgalloc_movable 0
pgfree 489955129
pgactivate 57009328
pgdeactivate 113037845
pgfault 894372340
pgmajfault 12273388
pgfmfault 12273388
pgrefill_dma 156265068
pgrefill_normal 0
pgrefill_movable 0
pgsteal_kswapd_dma 44570867
pgsteal_kswapd_normal 0
pgsteal_kswapd_movable 0
pgsteal_direct_dma 238374774
pgsteal_direct_normal 0
pgsteal_direct_movable 0
pgscan_kswapd_dma 56909841
pgscan_kswapd_normal 0
pgscan_kswapd_movable 0
pgscan_direct_dma 308915319
pgscan_direct_normal 0
pgscan_direct_movable 0
pgscan_direct_throttle 0
pginodesteal 19972
slabs_scanned 353497004
kswapd_inodesteal 71384
kswapd_low_wmark_hit_quickly 913128
kswapd_high_wmark_hit_quickly 885204
pageoutrun 1931353
allocstall 4972814
pgrotated 67990
drop_pagecache 0
drop_slab 0
pgmigrate_success 9752425
pgmigrate_fail 7349
compact_migrate_scanned 548589957
compact_free_scanned 16288750310
compact_isolated 26234855
compact_stall 320143
compact_fail 272343
compact_success 47800
unevictable_pgs_culled 47837
unevictable_pgs_scanned 0
unevictable_pgs_rescued 46910
unevictable_pgs_mlocked 47150
unevictable_pgs_munlocked 47019
unevictable_pgs_cleared 1
unevictable_pgs_stranded 0

------ LOAD AVERAGE (/proc/loadavg) ------
9.05 10.12 9.88 2/1885 11984

------ VMALLOC INFO (/proc/vmallocinfo) ------
0x0000000000000000-0x0000000000000000    8192 of_iomap+0x30/0x44 phys=10221000 ioremap
0x0000000000000000-0x0000000000000000    8192 of_io_request_and_map+0x74/0xa0 phys=10200000 ioremap
0x0000000000000000-0x0000000000000000   12288 of_iomap+0x30/0x44 phys=10222000 ioremap
0x0000000000000000-0x0000000000000000    8192 of_iomap+0x30/0x44 phys=10000000 ioremap
0x0000000000000000-0x0000000000000000    8192 of_iomap+0x30/0x44 phys=10001000 ioremap
0x0000000000000000-0x0000000000000000    8192 of_iomap+0x30/0x44 phys=10003000 ioremap
0x0000000000000000-0x0000000000000000    8192 of_iomap+0x30/0x44 phys=10003000 ioremap
0x0000000000000000-0x0000000000000000    8192 of_iomap+0x30/0x44 phys=10209000 ioremap
0x0000000000000000-0x0000000000000000    8192 of_iomap+0x30/0x44 phys=10209000 ioremap
0x0000000000000000-0x0000000000000000    8192 of_iomap+0x30/0x44 phys=14000000 ioremap
0x0000000000000000-0x0000000000000000    8192 of_iomap+0x30/0x44 phys=15000000 ioremap
0x0000000000000000-0x0000000000000000    8192 of_iomap+0x30/0x44 phys=16000000 ioremap
0x0000000000000000-0x0000000000000000    8192 of_iomap+0x30/0x44 phys=18000000 ioremap
0x0000000000000000-0x0000000000000000    8192 of_iomap+0x30/0x44 phys=19000000 ioremap
0x0000000000000000-0x0000000000000000    8192 of_iomap+0x30/0x44 phys=10008000 ioremap
0x0000000000000000-0x0000000000000000    8192 of_iomap+0x30/0x44 phys=10200000 ioremap
0x0000000000000000-0x0000000000000000    8192 of_iomap+0x30/0x44 phys=11002000 ioremap
0x0000000000000000-0x0000000000000000   12288 of_iomap+0x30/0x44 phys=11000000 ioremap
0x0000000000000000-0x0000000000000000    8192 of_iomap+0x30/0x44 phys=11003000 ioremap
0x0000000000000000-0x0000000000000000    8192 of_iomap+0x30/0x44 phys=11004000 ioremap
0x0000000000000000-0x0000000000000000    8192 of_iomap+0x30/0x44 phys=11005000 ioremap
0x0000000000000000-0x0000000000000000  528384 ram_console_early_init+0x6c/0x20c vmap
0x0000000000000000-0x0000000000000000    8192 of_iomap+0x30/0x44 phys=10006000 ioremap
0x0000000000000000-0x0000000000000000    8192 of_iomap+0x30/0x44 phys=8000000 ioremap
0x0000000000000000-0x0000000000000000    8192 of_iomap+0x30/0x44 phys=10007000 ioremap
0x0000000000000000-0x0000000000000000    8192 of_iomap+0x30/0x44 phys=10006000 ioremap
0x0000000000000000-0x0000000000000000    8192 of_iomap+0x30/0x44 phys=10200000 ioremap
0x0000000000000000-0x0000000000000000    8192 of_iomap+0x30/0x44 phys=10200000 ioremap
0x0000000000000000-0x0000000000000000    8192 of_iomap+0x30/0x44 phys=10221000 ioremap
0x0000000000000000-0x0000000000000000    8192 of_iomap+0x30/0x44 phys=10200000 ioremap
0x0000000000000000-0x0000000000000000    8192 of_iomap+0x30/0x44 phys=10000000 ioremap
0x0000000000000000-0x0000000000000000    8192 of_iomap+0x30/0x44 phys=10001000 ioremap
0x0000000000000000-0x0000000000000000    8192 of_iomap+0x30/0x44 phys=10003000 ioremap
0x0000000000000000-0x0000000000000000    8192 of_iomap+0x30/0x44 phys=11220000 ioremap
0x0000000000000000-0x0000000000000000    8192 of_iomap+0x30/0x44 phys=13fff000 ioremap
0x0000000000000000-0x0000000000000000    8192 of_iomap+0x30/0x44 phys=14000000 ioremap
0x0000000000000000-0x0000000000000000    8192 of_iomap+0x30/0x44 phys=15000000 ioremap
0x0000000000000000-0x0000000000000000    8192 of_iomap+0x30/0x44 phys=16000000 ioremap
0x0000000000000000-0x0000000000000000    8192 of_iomap+0x30/0x44 phys=18000000 ioremap
0x0000000000000000-0x0000000000000000    8192 of_iomap+0x30/0x44 phys=19000000 ioremap
0x0000000000000000-0x0000000000000000    8192 of_iomap+0x30/0x44 phys=10006000 ioremap
0x0000000000000000-0x0000000000000000  266240 atomic_pool_init+0x0/0x1b4 user
0x0000000000000000-0x0000000000000000    8192 of_iomap+0x30/0x44 phys=10000000 ioremap
0x0000000000000000-0x0000000000000000    8192 of_iomap+0x30/0x44 phys=10001000 ioremap
0x0000000000000000-0x0000000000000000    8192 of_iomap+0x30/0x44 phys=10003000 ioremap
0x0000000000000000-0x0000000000000000    8192 of_iomap+0x30/0x44 phys=10200000 ioremap
0x0000000000000000-0x0000000000000000    8192 of_iomap+0x30/0x44 phys=10209000 ioremap
0x0000000000000000-0x0000000000000000    8192 of_iomap+0x30/0x44 phys=13fff000 ioremap
0x0000000000000000-0x0000000000000000    8192 of_iomap+0x30/0x44 phys=14000000 ioremap
0x0000000000000000-0x0000000000000000    8192 of_iomap+0x30/0x44 phys=15000000 ioremap
0x0000000000000000-0x0000000000000000    8192 of_iomap+0x30/0x44 phys=16000000 ioremap
0x0000000000000000-0x0000000000000000    8192 of_iomap+0x30/0x44 phys=18000000 ioremap
0x0000000000000000-0x0000000000000000    8192 of_iomap+0x30/0x44 phys=19000000 ioremap
0x0000000000000000-0x0000000000000000    8192 of_iomap+0x30/0x44 phys=11220000 ioremap
0x0000000000000000-0x0000000000000000    8192 of_iomap+0x30/0x44 phys=10006000 ioremap
0x0000000000000000-0x0000000000000000    8192 of_iomap+0x30/0x44 phys=10204000 ioremap
0x0000000000000000-0x0000000000000000   12288 of_iomap+0x30/0x44 phys=10212000 ioremap
0x0000000000000000-0x0000000000000000    8192 of_iomap+0x30/0x44 phys=10004000 ioremap
0x0000000000000000-0x0000000000000000    8192 of_iomap+0x30/0x44 phys=1000f000 ioremap
0x0000000000000000-0x0000000000000000    8192 of_iomap+0x30/0x44 phys=1020e000 ioremap
0x0000000000000000-0x0000000000000000    8192 of_iomap+0x30/0x44 phys=12f000 ioremap
0x0000000000000000-0x0000000000000000   12288 of_iomap+0x30/0x44 phys=5ffff000 ioremap
0x0000000000000000-0x0000000000000000    8192 devm_ioremap+0x4c/0x98 phys=1000d000 ioremap
0x0000000000000000-0x0000000000000000    8192 user
0x0000000000000000-0x0000000000000000    8192 of_iomap+0x30/0x44 phys=10212000 ioremap
0x0000000000000000-0x0000000000000000    8192 of_iomap+0x30/0x44 phys=14000000 ioremap
0x0000000000000000-0x0000000000000000    8192 of_iomap+0x30/0x44 phys=14001000 ioremap
0x0000000000000000-0x0000000000000000    8192 of_iomap+0x30/0x44 phys=14002000 ioremap
0x0000000000000000-0x0000000000000000    8192 of_iomap+0x30/0x44 phys=14003000 ioremap
0x0000000000000000-0x0000000000000000    8192 of_iomap+0x30/0x44 phys=14004000 ioremap
0x0000000000000000-0x0000000000000000    8192 of_iomap+0x30/0x44 phys=14005000 ioremap
0x0000000000000000-0x0000000000000000    8192 of_iomap+0x30/0x44 phys=14006000 ioremap
0x0000000000000000-0x0000000000000000    8192 of_iomap+0x30/0x44 phys=14007000 ioremap
0x0000000000000000-0x0000000000000000    8192 of_iomap+0x30/0x44 phys=14008000 ioremap
0x0000000000000000-0x0000000000000000    8192 of_iomap+0x30/0x44 phys=14009000 ioremap
0x0000000000000000-0x0000000000000000    8192 of_iomap+0x30/0x44 phys=1400a000 ioremap
0x0000000000000000-0x0000000000000000  266240 user
0x0000000000000000-0x0000000000000000  266240 user
0x0000000000000000-0x0000000000000000  266240 user
0x0000000000000000-0x0000000000000000  266240 user
0x0000000000000000-0x0000000000000000    8192 nicTxGenerateDescTemplate+0x11c/0x2bc pages=1 vmalloc
0x0000000000000000-0x0000000000000000    8192 of_iomap+0x30/0x44 phys=10209000 ioremap
0x0000000000000000-0x0000000000000000    8192 of_iomap+0x30/0x44 phys=10209000 ioremap
0x0000000000000000-0x0000000000000000    8192 conn_md_dmp_init+0x14/0x9c pages=1 vmalloc
0x0000000000000000-0x0000000000000000 3149824 MMProfileInitBuffer+0xcc/0x248 pages=768 vmalloc vpages
0x0000000000000000-0x0000000000000000   12288 MMProfileInitBuffer+0xcc/0x248 pages=2 vmalloc
0x0000000000000000-0x0000000000000000 8392704 MMProfileInitBuffer+0x118/0x248 pages=2048 vmalloc vpages
0x0000000000000000-0x0000000000000000   20480 MMProfileInitBuffer+0x118/0x248 pages=4 vmalloc
0x0000000000000000-0x0000000000000000   49152 zisofs_init+0x14/0x34 pages=11 vmalloc
0x0000000000000000-0x0000000000000000    8192 of_iomap+0x30/0x44 phys=10005000 ioremap
0x0000000000000000-0x0000000000000000    8192 devm_ioremap_nocache+0x4c/0x98 phys=1000b000 ioremap
0x0000000000000000-0x0000000000000000    8192 of_iomap+0x30/0x44 phys=10000000 ioremap
0x0000000000000000-0x0000000000000000    8192 of_iomap+0x30/0x44 phys=10209000 ioremap
0x0000000000000000-0x0000000000000000    8192 of_iomap+0x30/0x44 phys=10006000 ioremap
0x0000000000000000-0x0000000000000000    8192 of_iomap+0x30/0x44 phys=10000000 ioremap
0x0000000000000000-0x0000000000000000    8192 of_iomap+0x30/0x44 phys=10001000 ioremap
0x0000000000000000-0x0000000000000000    8192 of_iomap+0x30/0x44 phys=10003000 ioremap
0x0000000000000000-0x0000000000000000    8192 of_iomap+0x30/0x44 phys=10004000 ioremap
0x0000000000000000-0x0000000000000000    8192 of_iomap+0x30/0x44 phys=10006000 ioremap
0x0000000000000000-0x0000000000000000    8192 of_iomap+0x30/0x44 phys=1000d000 ioremap
0x0000000000000000-0x0000000000000000    8192 of_iomap+0x30/0x44 phys=10011000 ioremap
0x0000000000000000-0x0000000000000000    8192 of_iomap+0x30/0x44 phys=10200000 ioremap
0x0000000000000000-0x0000000000000000    8192 of_iomap+0x30/0x44 phys=10203000 ioremap
0x0000000000000000-0x0000000000000000    8192 of_iomap+0x30/0x44 phys=10205000 ioremap
0x0000000000000000-0x0000000000000000    8192 of_iomap+0x30/0x44 phys=10214000 ioremap
0x0000000000000000-0x0000000000000000    8192 of_iomap+0x30/0x44 phys=11007000 ioremap
0x0000000000000000-0x0000000000000000    8192 of_iomap+0x30/0x44 phys=11008000 ioremap
0x0000000000000000-0x0000000000000000    8192 of_iomap+0x30/0x44 phys=11009000 ioremap
0x0000000000000000-0x0000000000000000    8192 of_iomap+0x30/0x44 phys=11010000 ioremap
0x0000000000000000-0x0000000000000000    8192 of_iomap+0x30/0x44 phys=11011000 ioremap
0x0000000000000000-0x0000000000000000    8192 of_iomap+0x30/0x44 phys=11200000 ioremap
0x0000000000000000-0x0000000000000000    8192 of_iomap+0x30/0x44 phys=11230000 ioremap
0x0000000000000000-0x0000000000000000    8192 of_iomap+0x30/0x44 phys=11240000 ioremap
0x0000000000000000-0x0000000000000000    8192 of_iomap+0x30/0x44 phys=11250000 ioremap
0x0000000000000000-0x0000000000000000    8192 of_iomap+0x30/0x44 phys=11260000 ioremap
0x0000000000000000-0x0000000000000000    8192 of_iomap+0x30/0x44 phys=14000000 ioremap
0x0000000000000000-0x0000000000000000    8192 of_iomap+0x30/0x44 phys=14021000 ioremap
0x0000000000000000-0x0000000000000000    8192 of_iomap+0x30/0x44 phys=14022000 ioremap
0x0000000000000000-0x0000000000000000    8192 of_iomap+0x30/0x44 phys=14027000 ioremap
0x0000000000000000-0x0000000000000000    8192 of_iomap+0x30/0x44 phys=15001000 ioremap
0x0000000000000000-0x0000000000000000    8192 of_iomap+0x30/0x44 phys=15004000 ioremap
0x0000000000000000-0x0000000000000000    8192 of_iomap+0x30/0x44 phys=1500b000 ioremap
0x0000000000000000-0x0000000000000000    8192 of_iomap+0x30/0x44 phys=16000000 ioremap
0x0000000000000000-0x0000000000000000    8192 of_iomap+0x30/0x44 phys=16010000 ioremap
0x0000000000000000-0x0000000000000000    8192 of_iomap+0x30/0x44 phys=18001000 ioremap
0x0000000000000000-0x0000000000000000    8192 of_iomap+0x30/0x44 phys=18002000 ioremap
0x0000000000000000-0x0000000000000000    8192 of_iomap+0x30/0x44 phys=18003000 ioremap
0x0000000000000000-0x0000000000000000    8192 of_iomap+0x30/0x44 phys=18004000 ioremap
0x0000000000000000-0x0000000000000000    8192 of_iomap+0x30/0x44 phys=19001000 ioremap
0x0000000000000000-0x0000000000000000    8192 of_iomap+0x30/0x44 phys=19002000 ioremap
0x0000000000000000-0x0000000000000000    8192 of_iomap+0x30/0x44 phys=10221000 ioremap
0x0000000000000000-0x0000000000000000    8192 of_iomap+0x30/0x44 phys=10200000 ioremap
0x0000000000000000-0x0000000000000000    8192 of_iomap+0x30/0x44 phys=10840000 ioremap
0x0000000000000000-0x0000000000000000    8192 of_iomap+0x30/0x44 phys=10940000 ioremap
0x0000000000000000-0x0000000000000000    8192 of_iomap+0x30/0x44 phys=10c40000 ioremap
0x0000000000000000-0x0000000000000000    8192 of_iomap+0x30/0x44 phys=10d40000 ioremap
0x0000000000000000-0x0000000000000000    8192 of_iomap+0x30/0x44 phys=11001000 ioremap
0x0000000000000000-0x0000000000000000    8192 of_iomap+0x30/0x44 phys=10205000 ioremap
0x0000000000000000-0x0000000000000000   20480 user
0x0000000000000000-0x0000000000000000    8192 of_iomap+0x30/0x44 phys=10214000 ioremap
0x0000000000000000-0x0000000000000000    8192 of_iomap+0x30/0x44 phys=11006000 ioremap
0x0000000000000000-0x0000000000000000    8192 of_iomap+0x30/0x44 phys=18002000 ioremap
0x0000000000000000-0x0000000000000000    8192 of_iomap+0x30/0x44 phys=19002000 ioremap
0x0000000000000000-0x0000000000000000   69632 of_iomap+0x30/0x44 phys=10410000 ioremap
0x0000000000000000-0x0000000000000000    8192 of_iomap+0x30/0x44 phys=18003000 ioremap
0x0000000000000000-0x0000000000000000    8192 of_iomap+0x30/0x44 phys=18004000 ioremap
0x0000000000000000-0x0000000000000000    8192 of_iomap+0x30/0x44 phys=1500d000 ioremap
0x0000000000000000-0x0000000000000000   16384 ged_init+0x10/0x8c pages=3 vmalloc
0x0000000000000000-0x0000000000000000   69632 of_iomap+0x30/0x44 phys=10430000 ioremap
0x0000000000000000-0x0000000000000000    8192 of_iomap+0x30/0x44 phys=1000f000 ioremap
0x0000000000000000-0x0000000000000000    8192 of_iomap+0x30/0x44 phys=10004000 ioremap
0x0000000000000000-0x0000000000000000    8192 of_iomap+0x30/0x44 phys=1020e000 ioremap
0x0000000000000000-0x0000000000000000    8192 of_iomap+0x30/0x44 phys=10012000 ioremap
0x0000000000000000-0x0000000000000000    8192 of_iomap+0x30/0x44 phys=10011000 ioremap
0x0000000000000000-0x0000000000000000    8192 of_iomap+0x30/0x44 phys=10213000 ioremap
0x0000000000000000-0x0000000000000000    8192 of_iomap+0x30/0x44 phys=10209000 ioremap
0x0000000000000000-0x0000000000000000   69632 of_iomap+0x30/0x44 phys=10440000 ioremap
0x0000000000000000-0x0000000000000000    8192 of_iomap+0x30/0x44 phys=10203000 ioremap
0x0000000000000000-0x0000000000000000   16384 of_iomap+0x30/0x44 phys=10217000 ioremap
0x0000000000000000-0x0000000000000000    8192 of_iomap+0x30/0x44 phys=10002000 ioremap
0x0000000000000000-0x0000000000000000    8192 of_iomap+0x30/0x44 phys=1500b000 ioremap
0x0000000000000000-0x0000000000000000    8192 of_iomap+0x30/0x44 phys=10203000 ioremap
0x0000000000000000-0x0000000000000000    8192 of_iomap+0x30/0x44 phys=1020e000 ioremap
0x0000000000000000-0x0000000000000000   69632 of_iomap+0x30/0x44 phys=104a0000 ioremap
0x0000000000000000-0x0000000000000000    8192 of_iomap+0x30/0x44 phys=10213000 ioremap
0x0000000000000000-0x0000000000000000    8192 of_iomap+0x30/0x44 phys=10200000 ioremap
0x0000000000000000-0x0000000000000000    8192 of_iomap+0x30/0x44 phys=10208000 ioremap
0x0000000000000000-0x0000000000000000    8192 of_iomap+0x30/0x44 phys=1100b000 ioremap
0x0000000000000000-0x0000000000000000    8192 devm_ioremap_nocache+0x4c/0x98 phys=10050000 ioremap
0x0000000000000000-0x0000000000000000    8192 of_iomap+0x30/0x44 phys=10203000 ioremap
0x0000000000000000-0x0000000000000000    8192 devm_ioremap_nocache+0x4c/0x98 phys=1100a000 ioremap
0x0000000000000000-0x0000000000000000   69632 of_iomap+0x30/0x44 phys=16020000 ioremap
0x0000000000000000-0x0000000000000000    8192 of_iomap+0x30/0x44 phys=10010000 ioremap
0x0000000000000000-0x0000000000000000    8192 mtk_i2c_probe+0x324/0x4a0 phys=10005000 ioremap
0x0000000000000000-0x0000000000000000    8192 devm_ioremap_nocache+0x4c/0x98 phys=11007000 ioremap
0x0000000000000000-0x0000000000000000   20480 aee_wdt_init+0x100/0x128 phys=b6bfc000 ioremap
0x0000000000000000-0x0000000000000000    8192 devm_ioremap_nocache+0x4c/0x98 phys=11000000 ioremap
0x0000000000000000-0x0000000000000000   69632 of_iomap+0x30/0x44 phys=16000000 ioremap
0x0000000000000000-0x0000000000000000   49152 mrdump_mini_init+0x7c/0x530 vmap
0x0000000000000000-0x0000000000000000    8192 devm_ioremap_nocache+0x4c/0x98 phys=11008000 ioremap
0x0000000000000000-0x0000000000000000    8192 nicTxGenerateDescTemplate+0x11c/0x2bc pages=1 vmalloc
0x0000000000000000-0x0000000000000000    8192 nicTxGenerateDescTemplate+0x11c/0x2bc pages=1 vmalloc
0x0000000000000000-0x0000000000000000    8192 nicTxGenerateDescTemplate+0x11c/0x2bc pages=1 vmalloc
0x0000000000000000-0x0000000000000000    8192 nicTxGenerateDescTemplate+0x11c/0x2bc pages=1 vmalloc
0x0000000000000000-0x0000000000000000    8192 nicTxGenerateDescTemplate+0x11c/0x2bc pages=1 vmalloc
0x0000000000000000-0x0000000000000000    8192 nicTxGenerateDescTemplate+0x11c/0x2bc pages=1 vmalloc
0x0000000000000000-0x0000000000000000    8192 nicTxGenerateDescTemplate+0x11c/0x2bc pages=1 vmalloc
0x0000000000000000-0x0000000000000000    8192 devm_ioremap_nocache+0x4c/0x98 phys=11000000 ioremap
0x0000000000000000-0x0000000000000000    8192 mtk_i2c_probe+0x324/0x4a0 phys=10005000 ioremap
0x0000000000000000-0x0000000000000000    8192 devm_ioremap_nocache+0x4c/0x98 phys=11009000 ioremap
0x0000000000000000-0x0000000000000000    8192 devm_ioremap_nocache+0x4c/0x98 phys=11000000 ioremap
0x0000000000000000-0x0000000000000000    8192 mtk_i2c_probe+0x324/0x4a0 phys=10005000 ioremap
0x0000000000000000-0x0000000000000000    8192 devm_ioremap_nocache+0x4c/0x98 phys=11010000 ioremap
0x0000000000000000-0x0000000000000000    8192 devm_ioremap_nocache+0x4c/0x98 phys=11000000 ioremap
0x0000000000000000-0x0000000000000000   40960 of_iomap+0x30/0x44 phys=15004000 ioremap
0x0000000000000000-0x0000000000000000    8192 mtk_i2c_probe+0x324/0x4a0 phys=10005000 ioremap
0x0000000000000000-0x0000000000000000    8192 devm_ioremap_nocache+0x4c/0x98 phys=11011000 ioremap
0x0000000000000000-0x0000000000000000    8192 devm_ioremap_nocache+0x4c/0x98 phys=11000000 ioremap
0x0000000000000000-0x0000000000000000   69632 of_iomap+0x30/0x44 phys=15000000 ioremap
0x0000000000000000-0x0000000000000000    8192 devm_ioremap_nocache+0x4c/0x98 phys=11013000 ioremap
0x0000000000000000-0x0000000000000000    8192 devm_ioremap_nocache+0x4c/0x98 phys=11000000 ioremap
0x0000000000000000-0x0000000000000000    8192 devm_ioremap_nocache+0x4c/0x98 phys=11230000 ioremap
0x0000000000000000-0x0000000000000000    8192 of_iomap+0x30/0x44 phys=10000000 ioremap
0x0000000000000000-0x0000000000000000    8192 user
0x0000000000000000-0x0000000000000000    8192 devm_ioremap_nocache+0x4c/0x98 phys=11240000 ioremap
0x0000000000000000-0x0000000000000000    8192 of_iomap+0x30/0x44 phys=10000000 ioremap
0x0000000000000000-0x0000000000000000   69632 of_iomap+0x30/0x44 phys=10390000 ioremap
0x0000000000000000-0x0000000000000000   20480 user
0x0000000000000000-0x0000000000000000    8192 user
0x0000000000000000-0x0000000000000000   20480 user
0x0000000000000000-0x0000000000000000    8192 of_iomap+0x30/0x44 phys=11260000 ioremap
0x0000000000000000-0x0000000000000000  200704 devm_ioremap_nocache+0x4c/0x98 phys=10020000 ioremap
0x0000000000000000-0x0000000000000000    8192 of_iomap+0x30/0x44 phys=10000000 ioremap
0x0000000000000000-0x0000000000000000    8192 of_iomap+0x30/0x44 phys=10005000 ioremap
0x0000000000000000-0x0000000000000000    8192 of_iomap+0x30/0x44 phys=10001000 ioremap
0x0000000000000000-0x0000000000000000    8192 of_iomap+0x30/0x44 phys=10003000 ioremap
0x0000000000000000-0x0000000000000000    8192 of_iomap+0x30/0x44 phys=10203000 ioremap
0x0000000000000000-0x0000000000000000    8192 of_iomap+0x30/0x44 phys=10007000 ioremap
0x0000000000000000-0x0000000000000000    8192 of_iomap+0x30/0x44 phys=10209000 ioremap
0x0000000000000000-0x0000000000000000    8192 of_iomap+0x30/0x44 phys=10000000 ioremap
0x0000000000000000-0x0000000000000000    8192 user
0x0000000000000000-0x0000000000000000   20480 user
0x0000000000000000-0x0000000000000000  266240 create_log+0x20/0x158 pages=64 vmalloc
0x0000000000000000-0x0000000000000000  266240 create_log+0x20/0x158 pages=64 vmalloc
0x0000000000000000-0x0000000000000000  266240 create_log+0x20/0x158 pages=64 vmalloc
0x0000000000000000-0x0000000000000000  266240 create_log+0x20/0x158 pages=64 vmalloc
0x0000000000000000-0x0000000000000000  266240 create_log+0x20/0x158 pages=64 vmalloc
0x0000000000000000-0x0000000000000000  135168 create_log+0x20/0x158 pages=32 vmalloc
0x0000000000000000-0x0000000000000000  266240 create_log+0x20/0x158 pages=64 vmalloc
0x0000000000000000-0x0000000000000000  135168 create_log+0x20/0x158 pages=32 vmalloc
0x0000000000000000-0x0000000000000000   36864 lz4_init+0x44/0x90 pages=8 vmalloc
0x0000000000000000-0x0000000000000000    8192 devm_ioremap_nocache+0x4c/0x98 phys=10006000 ioremap
0x0000000000000000-0x0000000000000000   16384 get_regs_base+0x48/0xec phys=11271000 ioremap
0x0000000000000000-0x0000000000000000    8192 of_iomap+0x30/0x44 phys=10209000 ioremap
0x0000000000000000-0x0000000000000000    8192 of_iomap+0x30/0x44 phys=10003000 ioremap
0x0000000000000000-0x0000000000000000  135168 get_regs_base+0x48/0xec phys=11280000 ioremap
0x0000000000000000-0x0000000000000000    8192 user
0x0000000000000000-0x0000000000000000    8192 user
0x0000000000000000-0x0000000000000000    8192 user
0x0000000000000000-0x0000000000000000    8192 user
0x0000000000000000-0x0000000000000000    8192 user
0x0000000000000000-0x0000000000000000    8192 user
0x0000000000000000-0x0000000000000000    8192 user
0x0000000000000000-0x0000000000000000    8192 user
0x0000000000000000-0x0000000000000000    8192 user
0x0000000000000000-0x0000000000000000    8192 user
0x0000000000000000-0x0000000000000000    8192 user
0x0000000000000000-0x0000000000000000    8192 user
0x0000000000000000-0x0000000000000000    8192 user
0x0000000000000000-0x0000000000000000    8192 user
0x0000000000000000-0x0000000000000000    8192 user
0x0000000000000000-0x0000000000000000    8192 user
0x0000000000000000-0x0000000000000000    8192 devm_ioremap_nocache+0x4c/0x98 phys=14022000 ioremap
0x0000000000000000-0x0000000000000000    8192 devm_ioremap_nocache+0x4c/0x98 phys=14000000 ioremap
0x0000000000000000-0x0000000000000000    8192 devm_ioremap_nocache+0x4c/0x98 phys=14021000 ioremap
0x0000000000000000-0x0000000000000000    8192 devm_ioremap_nocache+0x4c/0x98 phys=14027000 ioremap
0x0000000000000000-0x0000000000000000    8192 devm_ioremap_nocache+0x4c/0x98 phys=15001000 ioremap
0x0000000000000000-0x0000000000000000    8192 devm_ioremap_nocache+0x4c/0x98 phys=16010000 ioremap
0x0000000000000000-0x0000000000000000    8192 devm_ioremap_nocache+0x4c/0x98 phys=18001000 ioremap
0x0000000000000000-0x0000000000000000    8192 devm_ioremap_nocache+0x4c/0x98 phys=19001000 ioremap
0x0000000000000000-0x0000000000000000    8192 of_iomap+0x30/0x44 phys=14000000 ioremap
0x0000000000000000-0x0000000000000000   12288 of_iomap+0x30/0x44 phys=1400c000 ioremap
0x0000000000000000-0x0000000000000000   16384 of_iomap+0x30/0x44 phys=1400e000 ioremap
0x0000000000000000-0x0000000000000000   12288 of_iomap+0x30/0x44 phys=14011000 ioremap
0x0000000000000000-0x0000000000000000   12288 of_iomap+0x30/0x44 phys=14013000 ioremap
0x0000000000000000-0x0000000000000000    8192 of_iomap+0x30/0x44 phys=14015000 ioremap
0x0000000000000000-0x0000000000000000    8192 of_iomap+0x30/0x44 phys=14023000 ioremap
0x0000000000000000-0x0000000000000000    8192 of_iomap+0x30/0x44 phys=14016000 ioremap
0x0000000000000000-0x0000000000000000    8192 of_iomap+0x30/0x44 phys=14017000 ioremap
0x0000000000000000-0x0000000000000000   12288 of_iomap+0x30/0x44 phys=14018000 ioremap
0x0000000000000000-0x0000000000000000    8192 of_iomap+0x30/0x44 phys=1401a000 ioremap
0x0000000000000000-0x0000000000000000    8192 of_iomap+0x30/0x44 phys=1401b000 ioremap
0x0000000000000000-0x0000000000000000    8192 of_iomap+0x30/0x44 phys=1401c000 ioremap
0x0000000000000000-0x0000000000000000    8192 of_iomap+0x30/0x44 phys=1401d000 ioremap
0x0000000000000000-0x0000000000000000    8192 of_iomap+0x30/0x44 phys=14024000 ioremap
0x0000000000000000-0x0000000000000000    8192 of_iomap+0x30/0x44 phys=14020000 ioremap
0x0000000000000000-0x0000000000000000   12288 of_iomap+0x30/0x44 phys=1401e000 ioremap
0x0000000000000000-0x0000000000000000 33558528 disp_hal_allocate_framebuffer+0x48/0xf8 phys=b4bc0000 ioremap
0x0000000000000000-0x0000000000000000    8192 of_iomap+0x30/0x44 phys=14022000 ioremap
0x0000000000000000-0x0000000000000000    8192 of_iomap+0x30/0x44 phys=10215000 ioremap
0x0000000000000000-0x0000000000000000    8192 of_iomap+0x30/0x44 phys=10216000 ioremap
0x0000000000000000-0x0000000000000000    8192 of_iomap+0x30/0x44 phys=10212000 ioremap
0x0000000000000000-0x0000000000000000    8192 of_iomap+0x30/0x44 phys=10215000 ioremap
0x0000000000000000-0x0000000000000000   12288 of_iomap+0x30/0x44 phys=10002000 ioremap
0x0000000000000000-0x0000000000000000   12288 of_iomap+0x30/0x44 phys=10000000 ioremap
0x0000000000000000-0x0000000000000000   12288 of_iomap+0x30/0x44 phys=1000c000 ioremap
0x0000000000000000-0x0000000000000000   12288 of_iomap+0x30/0x44 phys=1000c000 ioremap
0x0000000000000000-0x0000000000000000    8192 of_iomap+0x30/0x44 phys=10216000 ioremap
0x0000000000000000-0x0000000000000000    8192 user
0x0000000000000000-0x0000000000000000    8192 user
0x0000000000000000-0x0000000000000000    8192 user
0x0000000000000000-0x0000000000000000    8192 user
0x0000000000000000-0x0000000000000000 9220096 ion_heap_map_kernel+0x128/0x194 vmap
0x0000000000000000-0x0000000000000000 9220096 ion_heap_map_kernel+0x128/0x194 vmap
0x0000000000000000-0x0000000000000000 9220096 ion_heap_map_kernel+0x128/0x194 vmap
0x0000000000000000-0x0000000000000000    8192 of_iomap+0x30/0x44 phys=14009000 ioremap
0x0000000000000000-0x0000000000000000    8192 of_iomap+0x30/0x44 phys=1400a000 ioremap
0x0000000000000000-0x0000000000000000    8192 ddp_dsi_init+0x608/0x6d8 phys=10209000 ioremap
0x0000000000000000-0x0000000000000000   36864 user
0x0000000000000000-0x0000000000000000   36864 user
0x0000000000000000-0x0000000000000000    8192 mt_afe_reg_remap+0x54/0x390 phys=11220000 ioremap
0x0000000000000000-0x0000000000000000    8192 of_iomap+0x30/0x44 phys=10000000 ioremap
0x0000000000000000-0x0000000000000000    8192 of_iomap+0x30/0x44 phys=10006000 ioremap
0x0000000000000000-0x0000000000000000    8192 of_iomap+0x30/0x44 phys=10209000 ioremap
0x0000000000000000-0x0000000000000000    8192 of_iomap+0x30/0x44 phys=10209000 ioremap
0x0000000000000000-0x0000000000000000    8192 of_iomap+0x30/0x44 phys=10001000 ioremap
0x0000000000000000-0x0000000000000000    8192 of_iomap+0x30/0x44 phys=1100b000 ioremap
0x0000000000000000-0x0000000000000000   40960 mt_afe_reg_remap+0x90/0x390 phys=11221000 ioremap
0x0000000000000000-0x0000000000000000    8192 of_iomap+0x30/0x44 phys=13fff000 ioremap
0x0000000000000000-0x0000000000000000    8192 of_iomap+0x30/0x44 phys=10004000 ioremap
0x0000000000000000-0x0000000000000000    8192 of_iomap+0x30/0x44 phys=10203000 ioremap
0x0000000000000000-0x0000000000000000   40960 mt_afe_reg_remap+0xec/0x390 phys=127000 ioremap
0x0000000000000000-0x0000000000000000 2101248 OSAllocZMem+0x38/0xac pages=512 vmalloc
0x0000000000000000-0x0000000000000000  270336 OSAllocMem+0x38/0xac pages=65 vmalloc
0x0000000000000000-0x0000000000000000   36864 lz4_init+0x54/0x90 pages=8 vmalloc
0x0000000000000000-0x0000000000000000   36864 lz4_init+0x44/0x90 pages=8 vmalloc
0x0000000000000000-0x0000000000000000   36864 lz4_init+0x54/0x90 pages=8 vmalloc
0x0000000000000000-0x0000000000000000   24576 OSAllocMem+0x38/0xac pages=5 vmalloc
0x0000000000000000-0x0000000000000000   16384 n_tty_open+0x1c/0x118 pages=3 vmalloc
0x0000000000000000-0x0000000000000000   16384 n_tty_open+0x1c/0x118 pages=3 vmalloc
0x0000000000000000-0x0000000000000000   28672 OSAllocMem+0x38/0xac pages=6 vmalloc
0x0000000000000000-0x0000000000000000 1044480 binder_mmap+0xa0/0x2a0 ioremap
0x0000000000000000-0x0000000000000000   24576 OSAllocMem+0x38/0xac pages=5 vmalloc
0x0000000000000000-0x0000000000000000   24576 OSAllocMem+0x38/0xac pages=5 vmalloc
0x0000000000000000-0x0000000000000000    8192 wlanoidSetNetworkAddress+0x128/0x378 pages=1 vmalloc
0x0000000000000000-0x0000000000000000 1044480 binder_mmap+0xa0/0x2a0 ioremap
0x0000000000000000-0x0000000000000000   69632 _IORemapWrapper+0x84/0x90 phys=13000000 ioremap
0x0000000000000000-0x0000000000000000   24576 OSAllocMem+0x38/0xac pages=5 vmalloc
0x0000000000000000-0x0000000000000000  135168 binder_mmap+0xa0/0x2a0 ioremap
0x0000000000000000-0x0000000000000000   24576 OSAllocMem+0x38/0xac pages=5 vmalloc
0x0000000000000000-0x0000000000000000   28672 OSAllocMem+0x38/0xac pages=6 vmalloc
0x0000000000000000-0x0000000000000000   24576 OSAllocMem+0x38/0xac pages=5 vmalloc
0x0000000000000000-0x0000000000000000   24576 OSAllocMem+0x38/0xac pages=5 vmalloc
0x0000000000000000-0x0000000000000000 1044480 binder_mmap+0xa0/0x2a0 ioremap
0x0000000000000000-0x0000000000000000 1044480 binder_mmap+0xa0/0x2a0 ioremap
0x0000000000000000-0x0000000000000000 1044480 binder_mmap+0xa0/0x2a0 ioremap
0x0000000000000000-0x0000000000000000 1044480 binder_mmap+0xa0/0x2a0 ioremap
0x0000000000000000-0x0000000000000000 1044480 binder_mmap+0xa0/0x2a0 ioremap
0x0000000000000000-0x0000000000000000   24576 OSAllocMem+0x38/0xac pages=5 vmalloc
0x0000000000000000-0x0000000000000000   24576 OSAllocMem+0x38/0xac pages=5 vmalloc
0x0000000000000000-0x0000000000000000   12288 stp_dbg_init+0x54/0x1a0 pages=2 vmalloc
0x0000000000000000-0x0000000000000000    8192 osal_malloc+0x10/0x18 pages=1 vmalloc
0x0000000000000000-0x0000000000000000    8192 osal_malloc+0x10/0x18 pages=1 vmalloc
0x0000000000000000-0x0000000000000000    8192 osal_malloc+0x10/0x18 pages=1 vmalloc
0x0000000000000000-0x0000000000000000  274432 osal_malloc+0x10/0x18 pages=66 vmalloc
0x0000000000000000-0x0000000000000000   36864 osal_malloc+0x10/0x18 pages=8 vmalloc
0x0000000000000000-0x0000000000000000  528384 osal_malloc+0x10/0x18 pages=128 vmalloc
0x0000000000000000-0x0000000000000000    8192 osal_malloc+0x10/0x18 pages=1 vmalloc
0x0000000000000000-0x0000000000000000 2113536 stp_dbg_init+0x54/0x1a0 pages=515 vmalloc vpages
0x0000000000000000-0x0000000000000000   24576 OSAllocMem+0x38/0xac pages=5 vmalloc
0x0000000000000000-0x0000000000000000    8192 mtk_wcn_cmb_stub_reg+0xac/0x108 pages=1 vmalloc
0x0000000000000000-0x0000000000000000   20480 pcpu_mem_zalloc+0x44/0x84 pages=4 vmalloc
0x0000000000000000-0x0000000000000000 1044480 binder_mmap+0xa0/0x2a0 ioremap
0x0000000000000000-0x0000000000000000 1044480 binder_mmap+0xa0/0x2a0 ioremap
0x0000000000000000-0x0000000000000000 1044480 binder_mmap+0xa0/0x2a0 ioremap
0x0000000000000000-0x0000000000000000 1044480 binder_mmap+0xa0/0x2a0 ioremap
0x0000000000000000-0x0000000000000000 1044480 binder_mmap+0xa0/0x2a0 ioremap
0x0000000000000000-0x0000000000000000   24576 OSAllocMem+0x38/0xac pages=5 vmalloc
0x0000000000000000-0x0000000000000000 1044480 binder_mmap+0xa0/0x2a0 ioremap
0x0000000000000000-0x0000000000000000 1044480 binder_mmap+0xa0/0x2a0 ioremap
0x0000000000000000-0x0000000000000000 1044480 binder_mmap+0xa0/0x2a0 ioremap
0x0000000000000000-0x0000000000000000 1044480 binder_mmap+0xa0/0x2a0 ioremap
0x0000000000000000-0x0000000000000000 1044480 binder_mmap+0xa0/0x2a0 ioremap
0x0000000000000000-0x0000000000000000 1044480 binder_mmap+0xa0/0x2a0 ioremap
0x0000000000000000-0x0000000000000000 1044480 binder_mmap+0xa0/0x2a0 ioremap
0x0000000000000000-0x0000000000000000 1044480 binder_mmap+0xa0/0x2a0 ioremap
0x0000000000000000-0x0000000000000000 1044480 binder_mmap+0xa0/0x2a0 ioremap
0x0000000000000000-0x0000000000000000 1044480 binder_mmap+0xa0/0x2a0 ioremap
0x0000000000000000-0x0000000000000000 1044480 binder_mmap+0xa0/0x2a0 ioremap
0x0000000000000000-0x0000000000000000   12288 pcpu_mem_zalloc+0x44/0x84 pages=2 vmalloc
0x0000000000000000-0x0000000000000000 1044480 binder_mmap+0xa0/0x2a0 ioremap
0x0000000000000000-0x0000000000000000 1044480 binder_mmap+0xa0/0x2a0 ioremap
0x0000000000000000-0x0000000000000000 1044480 binder_mmap+0xa0/0x2a0 ioremap
0x0000000000000000-0x0000000000000000 1044480 binder_mmap+0xa0/0x2a0 ioremap
0x0000000000000000-0x0000000000000000  241664 wlanAdapterCreate+0x1c/0x74 pages=58 vmalloc
0x0000000000000000-0x0000000000000000   98304 nicAllocateAdapterMemory+0x88/0x430 pages=23 vmalloc
0x0000000000000000-0x0000000000000000  151552 nicAllocateAdapterMemory+0xbc/0x430 pages=36 vmalloc
0x0000000000000000-0x0000000000000000    8192 scnInit+0x17c/0x270 pages=1 vmalloc
0x0000000000000000-0x0000000000000000   12288 p2PAllocInfo+0x2a4/0x320 pages=2 vmalloc
0x0000000000000000-0x0000000000000000   45056 p2PAllocInfo+0x2b0/0x320 pages=10 vmalloc
0x0000000000000000-0x0000000000000000    8192 p2PAllocInfo+0x2bc/0x320 pages=1 vmalloc
0x0000000000000000-0x0000000000000000    8192 p2PAllocInfo+0x2c8/0x320 pages=1 vmalloc
0x0000000000000000-0x0000000000000000    8192 p2PAllocInfo+0x2d4/0x320 pages=1 vmalloc
0x0000000000000000-0x0000000000000000    8192 p2pRoleFsmInit+0x24/0x28c pages=1 vmalloc
0x0000000000000000-0x0000000000000000 1044480 binder_mmap+0xa0/0x2a0 ioremap
0x0000000000000000-0x0000000000000000 1044480 binder_mmap+0xa0/0x2a0 ioremap
0x0000000000000000-0x0000000000000000   12288 xt_alloc_table_info+0xf0/0x138 pages=2 vmalloc
0x0000000000000000-0x0000000000000000   12288 xt_alloc_table_info+0xf0/0x138 pages=2 vmalloc
0x0000000000000000-0x0000000000000000   12288 xt_alloc_table_info+0xf0/0x138 pages=2 vmalloc
0x0000000000000000-0x0000000000000000   12288 xt_alloc_table_info+0xf0/0x138 pages=2 vmalloc
0x0000000000000000-0x0000000000000000   16384 xt_alloc_table_info+0xf0/0x138 pages=3 vmalloc
0x0000000000000000-0x0000000000000000   16384 xt_alloc_table_info+0xf0/0x138 pages=3 vmalloc
0x0000000000000000-0x0000000000000000   16384 xt_alloc_table_info+0xf0/0x138 pages=3 vmalloc
0x0000000000000000-0x0000000000000000   16384 xt_alloc_table_info+0xf0/0x138 pages=3 vmalloc
0x0000000000000000-0x0000000000000000 1044480 binder_mmap+0xa0/0x2a0 ioremap
0x0000000000000000-0x0000000000000000 1044480 binder_mmap+0xa0/0x2a0 ioremap
0x0000000000000000-0x0000000000000000 1044480 binder_mmap+0xa0/0x2a0 ioremap
0x0000000000000000-0x0000000000000000 1044480 binder_mmap+0xa0/0x2a0 ioremap
0x0000000000000000-0x0000000000000000 1044480 binder_mmap+0xa0/0x2a0 ioremap
0x0000000000000000-0x0000000000000000 1044480 binder_mmap+0xa0/0x2a0 ioremap
0x0000000000000000-0x0000000000000000 1044480 binder_mmap+0xa0/0x2a0 ioremap
0x0000000000000000-0x0000000000000000 1044480 binder_mmap+0xa0/0x2a0 ioremap
0x0000000000000000-0x0000000000000000 1044480 binder_mmap+0xa0/0x2a0 ioremap
0x0000000000000000-0x0000000000000000 1044480 binder_mmap+0xa0/0x2a0 ioremap
0x0000000000000000-0x0000000000000000 1044480 binder_mmap+0xa0/0x2a0 ioremap
0x0000000000000000-0x0000000000000000 1044480 binder_mmap+0xa0/0x2a0 ioremap
0x0000000000000000-0x0000000000000000 1044480 binder_mmap+0xa0/0x2a0 ioremap
0x0000000000000000-0x0000000000000000 1044480 binder_mmap+0xa0/0x2a0 ioremap
0x0000000000000000-0x0000000000000000 1044480 binder_mmap+0xa0/0x2a0 ioremap
0x0000000000000000-0x0000000000000000 1044480 binder_mmap+0xa0/0x2a0 ioremap
0x0000000000000000-0x0000000000000000 1044480 binder_mmap+0xa0/0x2a0 ioremap
0x0000000000000000-0x0000000000000000    8192 ion_cache_sync_init+0x14/0x34 vmalloc
0x0000000000000000-0x0000000000000000 1044480 binder_mmap+0xa0/0x2a0 ioremap
0x0000000000000000-0x0000000000000000 1044480 binder_mmap+0xa0/0x2a0 ioremap
0x0000000000000000-0x0000000000000000 1044480 binder_mmap+0xa0/0x2a0 ioremap
0x0000000000000000-0x0000000000000000   24576 OSAllocMem+0x38/0xac pages=5 vmalloc
0x0000000000000000-0x0000000000000000 1044480 binder_mmap+0xa0/0x2a0 ioremap
0x0000000000000000-0x0000000000000000 1044480 binder_mmap+0xa0/0x2a0 ioremap
0x0000000000000000-0x0000000000000000 1044480 binder_mmap+0xa0/0x2a0 ioremap
0x0000000000000000-0x0000000000000000 1044480 binder_mmap+0xa0/0x2a0 ioremap
0x0000000000000000-0x0000000000000000 1044480 binder_mmap+0xa0/0x2a0 ioremap
0x0000000000000000-0x0000000000000000 1044480 binder_mmap+0xa0/0x2a0 ioremap
0x0000000000000000-0x0000000000000000 1044480 binder_mmap+0xa0/0x2a0 ioremap
0x0000000000000000-0x0000000000000000  262144 pcpu_get_vm_areas+0x0/0x618 vmalloc
0x0000000000000000-0x0000000000000000  204800 module_alloc_update_bounds+0x18/0x7c pages=49 vmalloc

------ SLAB INFO (/proc/slabinfo) ------
*** /proc/slabinfo: No such file or directory

------ ZONEINFO (/proc/zoneinfo) ------
Node 0, zone      DMA
  pages free     44590
        min      8192
        low      16893
        high     18941
        scanned  0
        spanned  478144
        present  478142
        managed  464830
    nr_free_pages 44590
    nr_alloc_batch 1244
    nr_inactive_anon 1400
    nr_active_anon 236507
    nr_inactive_file 20159
    nr_active_file 21561
    nr_unevictable 927
    nr_mlock     226
    nr_anon_pages 236217
    nr_mapped    22697
    nr_file_pages 44361
    nr_dirty     0
    nr_writeback 0
    nr_slab_reclaimable 8658
    nr_slab_unreclaimable 14834
    nr_page_table_pages 7314
    nr_kernel_stack 1889
    nr_unstable  0
    nr_bounce    0
    nr_vmscan_write 15
    nr_vmscan_immediate_reclaim 34266
    nr_writeback_temp 0
    nr_isolated_anon 0
    nr_isolated_file 0
    nr_shmem     1834
    nr_dirtied   6658546
    nr_written   6226973
    nr_pages_scanned 0
    workingset_refault 252617755
    workingset_activate 52930042
    workingset_nodereclaim 0
    nr_anon_transparent_hugepages 0
    nr_free_cma  0
        protection: (0, 0, 0)
  pagesets
    cpu: 0
              count: 159
              high:  186
              batch: 31
  vm stats threshold: 20
    cpu: 1
              count: 66
              high:  186
              batch: 31
  vm stats threshold: 20
  all_unreclaimable: 0
  start_pfn:         262144
  inactive_ratio:    3

------ PAGETYPEINFO (/proc/pagetypeinfo) ------
Page block order: 10
Pages per block:  1024

Free pages count per migrate type at order       0      1      2      3      4      5      6      7      8      9     10 
Node    0, zone      DMA, type    Unmovable  28018   1571     62      1      0      0      0      0      0      0      0 
Node    0, zone      DMA, type  Reclaimable  11938    557      0      0      0      0      0      0      0      0      0 
Node    0, zone      DMA, type      Movable     68      9      4      3      0      0      0      0      0      0      0 
Node    0, zone      DMA, type      Reserve     12      7      0      0      0      0      0      0      0      0      0 

Number of blocks type     Unmovable  Reclaimable      Movable      Reserve 
Node 0, zone      DMA          287           10          167            2 

------ BUDDYINFO (/proc/buddyinfo) ------
Node 0, zone      DMA  40036   2144     66      4      0      0      0      0      0      0      0 

------ FRAGMENTATION INFO (/d/extfrag/unusable_index: 1969-12-31 16:00:00) ------
Node 0, zone      DMA 0.000 0.897 0.993 0.999 1.000 1.000 1.000 1.000 1.000 1.000 1.000 

------ KERNEL WAKELOCKS (/proc/wakelocks) ------
*** /proc/wakelocks: No such file or directory

------ KERNEL WAKE SOURCES (/d/wakeup_sources: 1969-12-31 16:00:00) ------
name		active_count	event_count	wakeup_count	expire_count	active_since	total_time	max_time	last_change	prevent_suspend_time
dofstrim    	5		5		0		0		0		51535		17683		283557757		0
PowerManagerService.Broadcasts	178		178		13		0		0		266158		13838		354478110		0
WLAN rx_thread	1681263		1681263		95633		0		0		205495		20		355589550		0
WLAN tx_thread	3901065		3901065		301066		0		0		120842		69		355589556		0
WLAN hif_thread	3965386		3965386		321863		0		0		4599318		118		355589556		0
WLAN Timer  	98705		98705		5241		0		0		4437993		6544		355588652		0
WLAN timeout	208820		5323501		334311		208819		266		48128824		900750		355589550		0
WLAN interrupt	3302413		3302413		265515		0		0		2410311		118		355589556		0
PowerManagerService.WakeLocks	9155		9155		3664		0		40619487		347772455		104003289		314970329		0
smartsuspend.networkmodule	17		17		3		0		0		243938		16606		222982004		0
smartsuspend.smartusagescheduleprovider	24		24		3		0		0		2862		1309		347302787		0
smartsuspend	18329		18329		6659		0		0		32968		1552		354477134		0
KeyEvents   	161916		161916		33527		0		0		80320		1864		355584157		0
PowerManagerService.Display	88		88		7		0		1113014		81227724		5386488		354476801		0
NETLINK     	208373		208373		15608		0		0		120817		1960		355589253		0
[timerfd]   	0		0		0		0		0		0		0		4660		0
wmtFuncCtrl 	180		180		12		0		0		7052		1634		354477158		0
MT662x      	22158		22158		2200		0		0		922151		1189		355583648		0
binder      	44		44		0		0		0		6		0		339545361		0
eventpoll   	208417		208426		15245		0		0		894		14		355589253		0
battery     	35104		35104		1684		0		0		7565		20		355583235		0
usb         	19		19		0		0		0		13		7		324198824		0
ac          	2		2		0		0		0		0		0		2672		0
battery suspend wakelock	9		17		0		8		31391291		310342459		103973310		324198525		0
vbus-usb_phy_generic.0.auto	1		1		0		1		0		1995		1995		3810		0
vcorefs_delay	0		0		0		0		0		0		0		1169		0
vcorefs_dvfs	111		111		12		0		0		25		1		323344137		0
xhci.wakelock	0		0		0		0		0		0		0		1079		0
USB.lock    	9		9		0		0		31391076		310336576		103972602		324198740		0
soc:mfgsys-async	855811		855811		139658		0		0		10127804		1559		355589604		0
rt5514_wake 	25		25		13		25		0		37368		1499		265701490		0
alarm       	30212		110642		9789		0		0		347687		3596		355576483		0
MSDC Transfer Lock	23761841		23761841		1917405		0		0		818267		49		355589556		0
hall sensor wakelock	0		0		0		0		0		0		0		775		0
hall_sensors	0		0		0		0		0		0		0		775		0
kpd wakelock	16		38		0		16		0		13458		2433		323827100		0
PWRKEY      	131		264		26		131		0		89921		1267		354477460		0
mt6397-pmic 	0		0		0		0		0		0		0		762		0
isp_lock_wakelock	7		7		0		0		0		3120103		1725869		205877799		0
mt-rtc      	3782		3782		637		0		0		358990		134		345314237		0
accdet timer wakelock	0		0		0		0		0		0		0		526		0
accdet key wakelock	0		0		0		0		0		0		0		526		0
accdet irq wakelock	1		1		0		0		0		0		0		527		0
accdet wakelock	0		0		0		0		0		0		0		526		0
alarmtimer  	1349		1349		1349		1349		0		2692586		2006		266472280		0
mmc_delayed_work	19135		38272		2898		2		0		59004		759		270498828		0
autosleep   	0		0		0		0		0		0		0		190		0

------ KERNEL CPUFREQ (/sys/devices/system/cpu/cpu0/cpufreq/stats/time_in_state) ------
1404000 2766235
1300000 61906
1209000 120423
1105000 27715047
1001000 1557039
910000 386555
702000 1333963
507000 1617697

------ KERNEL SYNC (/d/sync: 2019-02-09 12:12:27) ------
objs:
--------------
cmdq_fence_timeline sw_sync: 0

timeline-primary-0-0 sw_sync: 747414
  pt signaled@355381.238568: 746429
  pt signaled@355586.857613: 747410
  pt signaled@355586.874114: 747411
  pt active: 747415

timeline-primary-0-1 sw_sync: 743294
  pt signaled@355585.844769: 743271
  pt signaled@355585.861351: 743272
  pt signaled@355585.878007: 743273
  pt signaled@355589.630250: 743294
  pt active: 743295

timeline-primary-0-2 sw_sync: 743007
  pt signaled@354551.109292: 740019
  pt signaled@354551.125914: 740020
  pt active: 743008

timeline-primary-0-3 sw_sync: 732437
  pt signaled@355277.192353: 731177
  pt signaled@355277.208925: 731178
  pt active: 732438

timeline-primary-0-4 sw_sync: 0

timeline-primary-0-5 sw_sync: 748393
  pt signaled@354551.109287: 745405
  pt signaled@355588.633944: 748392
  pt signaled@355589.630184: 748393

timeline-primary-0-6 sw_sync: 0

timeline-memory-2-0 sw_sync: 0

timeline-memory-2-1 sw_sync: 0

timeline-memory-2-2 sw_sync: 0

timeline-memory-2-3 sw_sync: 0

timeline-memory-2-4 sw_sync: 0

timeline-memory-2-5 sw_sync: 0

timeline-memory-2-6 sw_sync: 0

surfaceflinger-211 pvr_sync: 1 0x60e4000 349508/349508
  pt signaled@355585.819260: 2692599 0x60e4018 1/1 r=1 349506
  pt signaled@355585.836181: 2692600 0x60e40b8 1/1 r=1 349507
  pt signaled@355585.852687: 2692601 0x60e40ac 1/1 r=1 349508

ilsw.launcher-RenderThread-1320 pvr_sync: 1585 0x60e4014 24690/24690

droid.systemui-RenderThread-695 pvr_sync: 1784 0x60e4020 92918/92918
  pt signaled@354551.078182: 2686770 0x60e4078 1/1 r=1 92025
  pt signaled@354551.094301: 2686774 0x60e40b0 1/1 r=1 92026
  pt signaled@355277.165774: 2690328 0x60e4098 1/1 r=1 92698
  pt signaled@355277.181151: 2690330 0x60e40c4 1/1 r=1 92699
  pt signaled@355589.600705: 2692640 0x60e4004 1/1 r=1 92918

stem_server-PowerManagerSer-549 pvr_sync: 3040 0x60e4040 2085/2085

mazon.redstone-RenderThread-993 pvr_sync: 12211 0x60e4070 7566/7566

ndroid.gms-Chrome_InProcGp-1609 pvr_sync: 32099 0x60e4030 0/0

ndroid.systemui-GLThread 70-695 pvr_sync: 805657 0x60e40c0 329/329

surfaceflinger sw_sync: 8109

android.display sw_sync: 1
  pt signaled@180892.338832: 1

com.android.systemui-695 pvr_sync: 2566582 0x60e4028 1/1
  pt signaled@323465.038850: 2566583 0x60e4048 1/1 r=1 1

GrallocThread sw_sync: 1
  pt signaled@353925.581764: 1

firelauncher-RenderThread-13848 pvr_sync: 2684446 0x60e4090 4/4

GrallocThread sw_sync: 1
  pt signaled@354475.585021: 1

GrallocThread sw_sync: 1
  pt signaled@354475.590311: 1

GrallocThread sw_sync: 1
  pt signaled@354475.638294: 1

GrallocThread sw_sync: 1
  pt signaled@354475.630884: 1

GrallocThread sw_sync: 1
  pt signaled@354475.683912: 1

GrallocThread sw_sync: 1
  pt signaled@354475.669210: 1

GrallocThread sw_sync: 1
  pt signaled@354475.674854: 1

GrallocThread sw_sync: 1
  pt signaled@354475.683604: 1

GrallocThread sw_sync: 1
  pt signaled@354475.699325: 1

GrallocThread sw_sync: 1
  pt signaled@354475.797363: 1

GrallocThread sw_sync: 1
  pt signaled@354475.770666: 1

GrallocThread sw_sync: 1
  pt signaled@354475.722872: 1

GrallocThread sw_sync: 1
  pt signaled@354475.708583: 1

GrallocThread sw_sync: 1
  pt signaled@354475.716741: 1

GrallocThread sw_sync: 1
  pt signaled@354475.720542: 1

GrallocThread sw_sync: 1
  pt signaled@354475.724976: 1

GrallocThread sw_sync: 1
  pt signaled@354475.726498: 1

GrallocThread sw_sync: 1
  pt signaled@354475.729252: 1

GrallocThread sw_sync: 1
  pt signaled@354475.734988: 1

GrallocThread sw_sync: 1
  pt signaled@354475.743154: 1

GrallocThread sw_sync: 1
  pt signaled@354476.385769: 1

GrallocThread sw_sync: 1
  pt signaled@354492.921787: 1

GrallocThread sw_sync: 1
  pt signaled@354492.921912: 1

GrallocThread sw_sync: 1
  pt signaled@354492.922838: 1

GrallocThread sw_sync: 1
  pt signaled@354492.925649: 1

GrallocThread sw_sync: 1
  pt signaled@354492.927549: 1

GrallocThread sw_sync: 1
  pt signaled@354492.934129: 1

GrallocThread sw_sync: 1
  pt signaled@354492.935817: 1

GrallocThread sw_sync: 1
  pt signaled@354492.932278: 1

GrallocThread sw_sync: 1
  pt signaled@354492.935402: 1

GrallocThread sw_sync: 1
  pt signaled@354492.942475: 1

GrallocThread sw_sync: 1
  pt signaled@354492.974587: 1

GrallocThread sw_sync: 1
  pt signaled@354492.988328: 1

GrallocThread sw_sync: 1
  pt signaled@354493.047213: 1

GrallocThread sw_sync: 1
  pt signaled@354493.064401: 1

GrallocThread sw_sync: 1
  pt signaled@354493.080550: 1

GrallocThread sw_sync: 1
  pt signaled@354493.081635: 1

GrallocThread sw_sync: 1
  pt signaled@354493.093977: 1

GrallocThread sw_sync: 1
  pt signaled@354493.189827: 1

GrallocThread sw_sync: 1
  pt signaled@354493.191116: 1

GrallocThread sw_sync: 1
  pt signaled@354493.232886: 1

GrallocThread sw_sync: 1
  pt signaled@354493.239736: 1

GrallocThread sw_sync: 1
  pt signaled@354493.240811: 1

GrallocThread sw_sync: 1
  pt signaled@354493.283122: 1

GrallocThread sw_sync: 1
  pt signaled@354493.286881: 1

GrallocThread sw_sync: 1
  pt signaled@354493.318571: 1

GrallocThread sw_sync: 1
  pt signaled@354493.330812: 1

GrallocThread sw_sync: 1
  pt signaled@354493.342967: 1

GrallocThread sw_sync: 1
  pt signaled@354493.363565: 1

GrallocThread sw_sync: 1
  pt signaled@354493.394381: 1

GrallocThread sw_sync: 1
  pt signaled@354493.407672: 1

GrallocThread sw_sync: 1
  pt signaled@354493.415984: 1

GrallocThread sw_sync: 1
  pt signaled@354493.441677: 1

viber.voip-TM:serviceDispa-9097 pvr_sync: 2689674 0x60e4068 0/0

akingrecipes-RenderThread-11952 pvr_sync: 2692584 0x60e4034 18/18
  pt signaled@355586.835766: 2692632 0x60e4038 1/1 r=1 17
  pt signaled@355586.852773: 2692634 0x60e4060 1/1 r=1 18

fences:
--------------
[ffffffc0046e5000] pvr_g_sw_316778-0x33: signaled
  android.display_pt signaled@180892.338832: 1 / 1

[ffffffc04127f0c0] pvr_ws_q_381020: signaled
  com.android.systemui-695_pt signaled@323465.038850: 2566583 0x60e4048 1/1 r=1 1 / 1

[ffffffc02830b780] pvr_g_sw_397708-0x20: signaled
  GrallocThread_pt signaled@353925.581764: 1 / 1

[ffffffc04a0aaf00] pvr_g_sw_397855-0x20: signaled
  GrallocThread_pt signaled@354475.585021: 1 / 1

[ffffffc00ee96b40] pvr_g_sw_397854-0x20: signaled
  GrallocThread_pt signaled@354475.590311: 1 / 1

[ffffffc066313d80] pvr_g_sw_397857-0x20: signaled
  GrallocThread_pt signaled@354475.638294: 1 / 1

[ffffffc03e119300] pvr_g_sw_397859-0x20: signaled
  GrallocThread_pt signaled@354475.630884: 1 / 1

[ffffffc00de3e780] pvr_g_sw_397858-0x20: signaled
  GrallocThread_pt signaled@354475.683912: 1 / 1

[ffffffc0663133c0] pvr_g_sw_397860-0x20: signaled
  GrallocThread_pt signaled@354475.669210: 1 / 1

[ffffffc042a2a900] pvr_g_sw_397861-0x20: signaled
  GrallocThread_pt signaled@354475.674854: 1 / 1

[ffffffc0368e33c0] pvr_g_sw_397862-0x20: signaled
  GrallocThread_pt signaled@354475.683604: 1 / 1

[ffffffc00e5526c0] pvr_g_sw_397863-0x20: signaled
  GrallocThread_pt signaled@354475.699325: 1 / 1

[ffffffc02e6926c0] pvr_g_sw_397864-0x20: signaled
  GrallocThread_pt signaled@354475.797363: 1 / 1

[ffffffc0174373c0] pvr_g_sw_397865-0x20: signaled
  GrallocThread_pt signaled@354475.770666: 1 / 1

[ffffffc01887f3c0] pvr_g_sw_397866-0x20: signaled
  GrallocThread_pt signaled@354475.722872: 1 / 1

[ffffffc011c8e180] pvr_g_sw_397867-0x20: signaled
  GrallocThread_pt signaled@354475.708583: 1 / 1

[ffffffc015e56180] pvr_g_sw_397868-0x20: signaled
  GrallocThread_pt signaled@354475.716741: 1 / 1

[ffffffc015e56e40] pvr_g_sw_397869-0x20: signaled
  GrallocThread_pt signaled@354475.720542: 1 / 1

[ffffffc00d256d80] pvr_g_sw_397870-0x20: signaled
  GrallocThread_pt signaled@354475.724976: 1 / 1

[ffffffc022abd180] pvr_g_sw_397871-0x20: signaled
  GrallocThread_pt signaled@354475.726498: 1 / 1

[ffffffc022abdf00] pvr_g_sw_397872-0x20: signaled
  GrallocThread_pt signaled@354475.729252: 1 / 1

[ffffffc043134c00] pvr_g_sw_397873-0x20: signaled
  GrallocThread_pt signaled@354475.734988: 1 / 1

[ffffffc020fecf00] pvr_g_sw_397874-0x20: signaled
  GrallocThread_pt signaled@354475.743154: 1 / 1

[ffffffc0097d2300] pvr_g_sw_397946-0x20: signaled
  GrallocThread_pt signaled@354476.385769: 1 / 1

[ffffffc02304a180] pvr_g_sw_398071-0x20: signaled
  GrallocThread_pt signaled@354492.921787: 1 / 1

[ffffffc030b22900] pvr_g_sw_398072-0x20: signaled
  GrallocThread_pt signaled@354492.921912: 1 / 1

[ffffffc022250a80] pvr_g_sw_398073-0x20: signaled
  GrallocThread_pt signaled@354492.922838: 1 / 1

[ffffffc002232480] pvr_g_sw_398074-0x20: signaled
  GrallocThread_pt signaled@354492.925649: 1 / 1

[ffffffc004b19a80] pvr_g_sw_398075-0x20: signaled
  GrallocThread_pt signaled@354492.927549: 1 / 1

[ffffffc02e1aa180] pvr_g_sw_398076-0x20: signaled
  GrallocThread_pt signaled@354492.934129: 1 / 1

[ffffffc068703f00] pvr_g_sw_398077-0x20: signaled
  GrallocThread_pt signaled@354492.935817: 1 / 1

[ffffffc004b19e40] pvr_g_sw_398078-0x20: signaled
  GrallocThread_pt signaled@354492.932278: 1 / 1

[ffffffc068703300] pvr_g_sw_398079-0x20: signaled
  GrallocThread_pt signaled@354492.935402: 1 / 1

[ffffffc02da123c0] pvr_g_sw_398080-0x20: signaled
  GrallocThread_pt signaled@354492.942475: 1 / 1

[ffffffc0022320c0] pvr_g_sw_398081-0x20: signaled
  GrallocThread_pt signaled@354492.974587: 1 / 1

[ffffffc00307ccc0] pvr_g_sw_398082-0x20: signaled
  GrallocThread_pt signaled@354492.988328: 1 / 1

[ffffffc003b24780] pvr_g_sw_398083-0x20: signaled
  GrallocThread_pt signaled@354493.047213: 1 / 1

[ffffffc022274c00] pvr_g_sw_398084-0x20: signaled
  GrallocThread_pt signaled@354493.064401: 1 / 1

[ffffffc02da12d80] pvr_g_sw_398085-0x20: signaled
  GrallocThread_pt signaled@354493.080550: 1 / 1

[ffffffc033af9000] pvr_g_sw_398086-0x20: signaled
  GrallocThread_pt signaled@354493.081635: 1 / 1

[ffffffc0186c2780] pvr_g_sw_398087-0x20: signaled
  GrallocThread_pt signaled@354493.093977: 1 / 1

[ffffffc006cfa0c0] pvr_g_sw_398088-0x20: signaled
  GrallocThread_pt signaled@354493.189827: 1 / 1

[ffffffc00e5bcf00] pvr_g_sw_398089-0x20: signaled
  GrallocThread_pt signaled@354493.191116: 1 / 1

[ffffffc002cf0b40] pvr_g_sw_398090-0x20: signaled
  GrallocThread_pt signaled@354493.232886: 1 / 1

[ffffffc033af96c0] pvr_g_sw_398091-0x20: signaled
  GrallocThread_pt signaled@354493.239736: 1 / 1

[ffffffc006b88900] pvr_g_sw_398092-0x20: signaled
  GrallocThread_pt signaled@354493.240811: 1 / 1

[ffffffc002232780] pvr_g_sw_398093-0x20: signaled
  GrallocThread_pt signaled@354493.283122: 1 / 1

[ffffffc019ddb300] pvr_g_sw_398094-0x20: signaled
  GrallocThread_pt signaled@354493.286881: 1 / 1

[ffffffc029b05d80] pvr_g_sw_398095-0x20: signaled
  GrallocThread_pt signaled@354493.318571: 1 / 1

[ffffffc025ec3c00] pvr_g_sw_398096-0x20: signaled
  GrallocThread_pt signaled@354493.330812: 1 / 1

[ffffffc0148aff00] pvr_g_sw_398097-0x20: signaled
  GrallocThread_pt signaled@354493.342967: 1 / 1

[ffffffc0261f7600] pvr_g_sw_398098-0x20: signaled
  GrallocThread_pt signaled@354493.363565: 1 / 1

[ffffffc04a2196c0] pvr_g_sw_398099-0x20: signaled
  GrallocThread_pt signaled@354493.394381: 1 / 1

[ffffffc0261f76c0] pvr_g_sw_398100-0x20: signaled
  GrallocThread_pt signaled@354493.407672: 1 / 1

[ffffffc0261f7f00] pvr_g_sw_398101-0x20: signaled
  GrallocThread_pt signaled@354493.415984: 1 / 1

[ffffffc0686cd0c0] pvr_g_sw_398102-0x20: signaled
  GrallocThread_pt signaled@354493.441677: 1 / 1

[ffffffc01fbadb40] pvr_ws_q_398049: signaled
  droid.systemui-RenderThread-695_pt signaled@354551.078182: 2686770 0x60e4078 1/1 r=1 92025 / 92918

[ffffffc03c983500] NavigationBar:0: signaled
  timeline-primary-0-2_pt signaled@354551.109292: 740019 / 743007

[ffffffc01d4c8b40] : signaled
  timeline-primary-0-5_pt signaled@354551.109287: 745405 / 748393

[ffffffc041db1d80] pvr_ws_q_398050: signaled
  droid.systemui-RenderThread-695_pt signaled@354551.094301: 2686774 0x60e40b0 1/1 r=1 92026 / 92918

[ffffffc03191c6c0] NavigationBar:1: signaled
  timeline-primary-0-2_pt signaled@354551.125914: 740020 / 743007

[ffffffc01f2f8d80] pvr_ws_q_398404: signaled
  droid.systemui-RenderThread-695_pt signaled@355277.165774: 2690328 0x60e4098 1/1 r=1 92698 / 92918

[ffffffc001c6ed80] SpeechUi-Overlay-Locked-Tabl:0: signaled
  timeline-primary-0-3_pt signaled@355277.192353: 731177 / 732437

[ffffffc001c6e480] pvr_ws_q_398057: signaled
  droid.systemui-RenderThread-695_pt signaled@355277.181151: 2690330 0x60e40c4 1/1 r=1 92699 / 92918

[ffffffc001ca90c0] SpeechUi-Overlay-Locked-Tabl:2: signaled
  timeline-primary-0-3_pt signaled@355277.208925: 731178 / 732437

[ffffffc0396aa180] com.android.systemui.ImageWa:0: signaled
  timeline-primary-0-0_pt signaled@355381.238568: 746429 / 747414

[ffffffc004caff00] FramebufferSurface:2: signaled
  timeline-primary-0-1_pt signaled@355585.844769: 743271 / 743294
  surfaceflinger-211_pt signaled@355585.819260: 2692599 0x60e4018 1/1 r=1 349506 / 349508

[ffffffc03aeda3c0] pvr_ws_q_70: signaled
  surfaceflinger-211_pt signaled@355585.836181: 2692600 0x60e40b8 1/1 r=1 349507 / 349508

[ffffffc0302023c0] FramebufferSurface:0: signaled
  timeline-primary-0-1_pt signaled@355585.861351: 743272 / 743294
  surfaceflinger-211_pt signaled@355585.836181: 2692600 0x60e40b8 1/1 r=1 349507 / 349508

[ffffffc068a31840] pvr_ws_q_79: signaled
  surfaceflinger-211_pt signaled@355585.852687: 2692601 0x60e40ac 1/1 r=1 349508 / 349508

[ffffffc01f83e900] FramebufferSurface:1: signaled
  timeline-primary-0-1_pt signaled@355585.878007: 743273 / 743294
  surfaceflinger-211_pt signaled@355585.852687: 2692601 0x60e40ac 1/1 r=1 349508 / 349508

[ffffffc03aaed300] pvr_ws_q_400145: signaled
  akingrecipes-RenderThread-11952_pt signaled@355586.835766: 2692632 0x60e4038 1/1 r=1 17 / 18

[ffffffc03c9a7300] com.sommerengineering.baking:0: signaled
  timeline-primary-0-0_pt signaled@355586.857613: 747410 / 747414

[ffffffc01fa439c0] pvr_ws_q_400146: signaled
  akingrecipes-RenderThread-11952_pt signaled@355586.852773: 2692634 0x60e4060 1/1 r=1 18 / 18

[ffffffc01f83e180] com.sommerengineering.baking:1: signaled
  timeline-primary-0-0_pt signaled@355586.874114: 747411 / 747414

[ffffffc01fa43840] : signaled
  timeline-primary-0-5_pt signaled@355588.633944: 748392 / 748393

[ffffffc009234480] pvr_ws_q_398063: signaled
  droid.systemui-RenderThread-695_pt signaled@355589.600705: 2692640 0x60e4004 1/1 r=1 92918 / 92918

[ffffffc0369aaa80] StatusBar:0: signaled
  timeline-primary-0-1_pt signaled@355589.630250: 743294 / 743294

[ffffffc0369aa840] : signaled
  timeline-primary-0-5_pt signaled@355589.630184: 748393 / 748393

[ffffffc030202cc0] com.sommerengineering.baking:2: active
  timeline-primary-0-0_pt active: 747415 / 747414

[ffffffc0369aa480] StatusBar:1: active
  timeline-primary-0-1_pt active: 743295 / 743294

[ffffffc0369aa3c0] NavigationBar:2: active
  timeline-primary-0-2_pt active: 743008 / 743007

[ffffffc024aa8d80] SpeechUi-Overlay-Locked-Tabl:1: active
  timeline-primary-0-3_pt active: 732438 / 732437


------ KERNEL BLUEDROID (/d/bluedroid) ------
*** /d/bluedroid: No such file or directory

------ TIMER LIST (/proc/timer_list) ------
Timer List Version: v0.7
HRTIMER_MAX_CLOCK_BASES: 4
now at 355589820685776 nsecs

cpu: 0
 clock 0:
  .base:       0000000000000000
  .index:      0
  .resolution: 1 nsecs
  .get_time:   ktime_get
  .offset:     0 nsecs
active timers:
 #0: <0000000000000000>, tick_sched_timer, S:01
 # expires at 355589840000000-355589840000000 nsecs [in 19314224 to 19314224 nsecs]
 #1: <0000000000000000>, tscpu_update_tempinfo, S:01
 # expires at 355589845913692-355589845913692 nsecs [in 25227916 to 25227916 nsecs]
 #2: <0000000000000000>, acc_poll, S:01
 # expires at 355589851932248-355589851932248 nsecs [in 31246472 to 31246472 nsecs]
 #3: <0000000000000000>, hrtimer_wakeup, S:01
 # expires at 355589929430468-355589929480468 nsecs [in 108744692 to 108794692 nsecs]
 #4: <0000000000000000>, hrtimer_wakeup, S:01
 # expires at 355589939303238-355589939353238 nsecs [in 118617462 to 118667462 nsecs]
 #5: <0000000000000000>, sched_rt_period_timer, S:01
 # expires at 355590000000000-355590000000000 nsecs [in 179314224 to 179314224 nsecs]
 #6: <0000000000000000>, hrtimer_wakeup, S:01
 # expires at 355590106978469-355590107028469 nsecs [in 286292693 to 286342693 nsecs]
 #7: <0000000000000000>, hrtimer_wakeup, S:01
 # expires at 355590571605007-355590572390006 nsecs [in 750919231 to 751704230 nsecs]
 #8: <0000000000000000>, hrtimer_wakeup, S:01
 # expires at 355590606325853-355590606375853 nsecs [in 785640077 to 785690077 nsecs]
 #9: <0000000000000000>, hrtimer_wakeup, S:01
 # expires at 355590729309237-355590729359237 nsecs [in 908623461 to 908673461 nsecs]
 #10: <0000000000000000>, hrtimer_wakeup, S:01
 # expires at 355591334264699-355591336814698 nsecs [in 1513578923 to 1516128922 nsecs]
 #11: <0000000000000000>, hrtimer_wakeup, S:01
 # expires at 355591540377852-355591540427852 nsecs [in 1719692076 to 1719742076 nsecs]
 #12: <0000000000000000>, hrtimer_wakeup, S:01
 # expires at 355591550488083-355591550538083 nsecs [in 1729802307 to 1729852307 nsecs]
 #13: <0000000000000000>, hrtimer_wakeup, S:01
 # expires at 355591597863391-355591597913391 nsecs [in 1777177615 to 1777227615 nsecs]
 #14: <0000000000000000>, hrtimer_wakeup, S:01
 # expires at 355591718606392-355591720606390 nsecs [in 1897920616 to 1899920614 nsecs]
 #15: <0000000000000000>, hrtimer_wakeup, S:01
 # expires at 355591965432768-355591965482768 nsecs [in 2144746992 to 2144796992 nsecs]
 #16: <0000000000000000>, watchdog_timer_fn, S:01
 # expires at 355592170000000-355592170000000 nsecs [in 2349314224 to 2349314224 nsecs]
 #17: <0000000000000000>, hrtimer_wakeup, S:01
 # expires at 355594219638699-355594219688699 nsecs [in 4398952923 to 4399002923 nsecs]
 #18: <0000000000000000>, hrtimer_wakeup, S:01
 # expires at 355594521961160-355594522011160 nsecs [in 4701275384 to 4701325384 nsecs]
 #19: <0000000000000000>, hrtimer_wakeup, S:01
 # expires at 355594614161699-355594664101695 nsecs [in 4793475923 to 4843415919 nsecs]
 #20: <0000000000000000>, hrtimer_wakeup, S:01
 # expires at 355594773547930-355594781478929 nsecs [in 4952862154 to 4960793153 nsecs]
 #21: <0000000000000000>, hrtimer_wakeup, S:01
 # expires at 355596005703390-355596005753390 nsecs [in 6185017614 to 6185067614 nsecs]
 #22: <0000000000000000>, hrtimer_wakeup, S:01
 # expires at 355596718396007-355596725703456 nsecs [in 6897710231 to 6905017680 nsecs]
 #23: <0000000000000000>, hrtimer_wakeup, S:01
 # expires at 355598944135202-355598944185202 nsecs [in 9123449426 to 9123499426 nsecs]
 #24: <0000000000000000>, hrtimer_wakeup, S:01
 # expires at 355602821485235-355602821535235 nsecs [in 13000799459 to 13000849459 nsecs]
 #25: <0000000000000000>, hrtimer_wakeup, S:01
 # expires at 355603129119161-355603129169161 nsecs [in 13308433385 to 13308483385 nsecs]
 #26: <0000000000000000>, hrtimer_wakeup, S:01
 # expires at 355608572845312-355608572895312 nsecs [in 18752159536 to 18752209536 nsecs]
 #27: <0000000000000000>, hrtimer_wakeup, S:01
 # expires at 355608576839466-355608576889466 nsecs [in 18756153690 to 18756203690 nsecs]
 #28: <0000000000000000>, hrtimer_wakeup, S:01
 # expires at 355608581124851-355608581174851 nsecs [in 18760439075 to 18760489075 nsecs]
 #29: <0000000000000000>, hrtimer_wakeup, S:01
 # expires at 355608989225928-355608989275928 nsecs [in 19168540152 to 19168590152 nsecs]
 #30: <0000000000000000>, hrtimer_wakeup, S:01
 # expires at 355608996532312-355608996582312 nsecs [in 19175846536 to 19175896536 nsecs]
 #31: <0000000000000000>, hrtimer_wakeup, S:01
 # expires at 355617648126160-355617648176160 nsecs [in 27827440384 to 27827490384 nsecs]
 #32: <0000000000000000>, hrtimer_wakeup, S:01
 # expires at 355618087731001-355618187731001 nsecs [in 28267045225 to 28367045225 nsecs]
 #33: <0000000000000000>, hrtimer_wakeup, S:01
 # expires at 355621620739632-355621620789632 nsecs [in 31800053856 to 31800103856 nsecs]
 #34: <0000000000000000>, hrtimer_wakeup, S:01
 # expires at 355621621084941-355621621134941 nsecs [in 31800399165 to 31800449165 nsecs]
 #35: <0000000000000000>, hrtimer_wakeup, S:01
 # expires at 355636675760622-355636675810622 nsecs [in 46855074846 to 46855124846 nsecs]
 #36: <0000000000000000>, hrtimer_wakeup, S:01
 # expires at 355637016445775-355637016495775 nsecs [in 47195759999 to 47195809999 nsecs]
 #37: <0000000000000000>, hrtimer_wakeup, S:01
 # expires at 355639187994006-355639188044006 nsecs [in 49367308230 to 49367358230 nsecs]
 #38: <0000000000000000>, hrtimer_wakeup, S:01
 # expires at 355644065190923-355644065240923 nsecs [in 54244505147 to 54244555147 nsecs]
 #39: <0000000000000000>, hrtimer_wakeup, S:01
 # expires at 355644533807307-355644533857307 nsecs [in 54713121531 to 54713171531 nsecs]
 #40: <0000000000000000>, hrtimer_wakeup, S:01
 # expires at 355646607763851-355646607813851 nsecs [in 56787078075 to 56787128075 nsecs]
 #41: <0000000000000000>, hrtimer_wakeup, S:01
 # expires at 355646607897081-355646607947081 nsecs [in 56787211305 to 56787261305 nsecs]
 #42: <0000000000000000>, hrtimer_wakeup, S:01
 # expires at 355649300588622-355649360582621 nsecs [in 59479902846 to 59539896845 nsecs]
 #43: <0000000000000000>, hrtimer_wakeup, S:01
 # expires at 355654156665466-355654156715466 nsecs [in 64335979690 to 64336029690 nsecs]
 #44: <0000000000000000>, hrtimer_wakeup, S:01
 # expires at 355673595972545-355673695972545 nsecs [in 83775286769 to 83875286769 nsecs]
 #45: <0000000000000000>, hrtimer_wakeup, S:01
 # expires at 355677565042622-355677665042622 nsecs [in 87744356846 to 87844356846 nsecs]
 #46: <0000000000000000>, hrtimer_wakeup, S:01
 # expires at 355701822439927-355701822489927 nsecs [in 112001754151 to 112001804151 nsecs]
 #47: <0000000000000000>, hrtimer_wakeup, S:01
 # expires at 355701823005928-355701823055928 nsecs [in 112002320152 to 112002370152 nsecs]
 #48: <0000000000000000>, hrtimer_wakeup, S:01
 # expires at 355701823345082-355701823395082 nsecs [in 112002659306 to 112002709306 nsecs]
 #49: <0000000000000000>, hrtimer_wakeup, S:01
 # expires at 355701842318466-355701842368466 nsecs [in 112021632690 to 112021682690 nsecs]
 #50: <0000000000000000>, hrtimer_wakeup, S:01
 # expires at 355701851994544-355701852044544 nsecs [in 112031308768 to 112031358768 nsecs]
 #51: <0000000000000000>, hrtimer_wakeup, S:01
 # expires at 355701886217620-355701886267620 nsecs [in 112065531844 to 112065581844 nsecs]
 #52: <0000000000000000>, hrtimer_wakeup, S:01
 # expires at 355701900629081-355701900679081 nsecs [in 112079943305 to 112079993305 nsecs]
 #53: <0000000000000000>, hrtimer_wakeup, S:01
 # expires at 355701902490543-355701902540543 nsecs [in 112081804767 to 112081854767 nsecs]
 #54: <0000000000000000>, hrtimer_wakeup, S:01
 # expires at 355722086935621-355722086985621 nsecs [in 132266249845 to 132266299845 nsecs]
 #55: <0000000000000000>, hrtimer_wakeup, S:01
 # expires at 355722123743391-355722123793391 nsecs [in 132303057615 to 132303107615 nsecs]
 #56: <0000000000000000>, hrtimer_wakeup, S:01
 # expires at 355722138957006-355722139007006 nsecs [in 132318271230 to 132318321230 nsecs]
 #57: <0000000000000000>, hrtimer_wakeup, S:01
 # expires at 355722141825236-355722141875236 nsecs [in 132321139460 to 132321189460 nsecs]
 #58: <0000000000000000>, hrtimer_wakeup, S:01
 # expires at 355722148794159-355722148844159 nsecs [in 132328108383 to 132328158383 nsecs]
 #59: <0000000000000000>, hrtimer_wakeup, S:01
 # expires at 355722985418621-355722985468621 nsecs [in 133164732845 to 133164782845 nsecs]
 #60: <0000000000000000>, hrtimer_wakeup, S:01
 # expires at 355722989828007-355722989878007 nsecs [in 133169142231 to 133169192231 nsecs]
 #61: <0000000000000000>, hrtimer_wakeup, S:01
 # expires at 355730901028139-355731001028139 nsecs [in 141080342363 to 141180342363 nsecs]
 #62: <0000000000000000>, hrtimer_wakeup, S:01
 # expires at 355730975418909-355731075418909 nsecs [in 141154733133 to 141254733133 nsecs]
 #63: <0000000000000000>, hrtimer_wakeup, S:01
 # expires at 355731648381986-355731748381986 nsecs [in 141827696210 to 141927696210 nsecs]
 #64: <0000000000000000>, hrtimer_wakeup, S:01
 # expires at 355731743763678-355731843763678 nsecs [in 141923077902 to 142023077902 nsecs]
 #65: <0000000000000000>, hrtimer_wakeup, S:01
 # expires at 355733131577139-355733231577139 nsecs [in 143310891363 to 143410891363 nsecs]
 #66: <0000000000000000>, sched_clock_poll, S:01
 # expires at 355778561248963-355778561248963 nsecs [in 188740563187 to 188740563187 nsecs]
 #67: <0000000000000000>, hrtimer_wakeup, S:01
 # expires at 355782605282077-355782605332077 nsecs [in 192784596301 to 192784646301 nsecs]
 #68: <0000000000000000>, hrtimer_wakeup, S:01
 # expires at 355782745725770-355782745775770 nsecs [in 192925039994 to 192925089994 nsecs]
 #69: <0000000000000000>, hrtimer_wakeup, S:01
 # expires at 355805582063617-355805582113617 nsecs [in 215761377841 to 215761427841 nsecs]
 #70: <0000000000000000>, posix_timer_fn, S:01
 # expires at 355812569578736-355812569578736 nsecs [in 222748892960 to 222748892960 nsecs]
 #71: <0000000000000000>, hrtimer_wakeup, S:01
 # expires at 355830570356062-355830570406062 nsecs [in 240749670286 to 240749720286 nsecs]
 #72: <0000000000000000>, hrtimer_wakeup, S:01
 # expires at 355840487674770-355840487724770 nsecs [in 250666988994 to 250667038994 nsecs]
 #73: <0000000000000000>, hrtimer_wakeup, S:01
 # expires at 355841990659543-355841990709543 nsecs [in 252169973767 to 252170023767 nsecs]
 #74: <0000000000000000>, hrtimer_wakeup, S:01
 # expires at 355842680771235-355842680821235 nsecs [in 252860085459 to 252860135459 nsecs]
 #75: <0000000000000000>, hrtimer_wakeup, S:01
 # expires at 355842927495464-355842927545464 nsecs [in 253106809688 to 253106859688 nsecs]
 #76: <0000000000000000>, hrtimer_wakeup, S:01
 # expires at 355843241221617-355843241271617 nsecs [in 253420535841 to 253420585841 nsecs]
 #77: <0000000000000000>, hrtimer_wakeup, S:01
 # expires at 355843640603848-355843640653848 nsecs [in 253819918072 to 253819968072 nsecs]
 #78: <0000000000000000>, hrtimer_wakeup, S:01
 # expires at 355847167312850-355847167362850 nsecs [in 257346627074 to 257346677074 nsecs]
 #79: <0000000000000000>, hrtimer_wakeup, S:01
 # expires at 355851411013235-355851411063235 nsecs [in 261590327459 to 261590377459 nsecs]
 #80: <0000000000000000>, hrtimer_wakeup, S:01
 # expires at 355851518060295-355851518110295 nsecs [in 261697374519 to 261697424519 nsecs]
 #81: <0000000000000000>, hrtimer_wakeup, S:01
 # expires at 355851638941928-355851638991928 nsecs [in 261818256152 to 261818306152 nsecs]
 #82: <0000000000000000>, hrtimer_wakeup, S:01
 # expires at 355851734673928-355851734723928 nsecs [in 261913988152 to 261914038152 nsecs]
 #83: <0000000000000000>, hrtimer_wakeup, S:01
 # expires at 355857979658697-355857979708697 nsecs [in 268158972921 to 268159022921 nsecs]
 #84: <0000000000000000>, hrtimer_wakeup, S:01
 # expires at 355857980382313-355857980432313 nsecs [in 268159696537 to 268159746537 nsecs]
 #85: <0000000000000000>, hrtimer_wakeup, S:01
 # expires at 355882802492507-355882802542507 nsecs [in 292981806731 to 292981856731 nsecs]
 #86: <0000000000000000>, hrtimer_wakeup, S:01
 # expires at 356004125752126-356004125802126 nsecs [in 414305066350 to 414305116350 nsecs]
 #87: <0000000000000000>, hrtimer_wakeup, S:01
 # expires at 356130372453678-356130372503678 nsecs [in 540551767902 to 540551817902 nsecs]
 #88: <0000000000000000>, hrtimer_wakeup, S:01
 # expires at 356130864464139-356130864514139 nsecs [in 541043778363 to 541043828363 nsecs]
 #89: <0000000000000000>, hrtimer_wakeup, S:01
 # expires at 356157885311928-356157885361928 nsecs [in 568064626152 to 568064676152 nsecs]
 #90: <0000000000000000>, hrtimer_wakeup, S:01
 # expires at 356157885595698-356157885645698 nsecs [in 568064909922 to 568064959922 nsecs]
 #91: <0000000000000000>, hrtimer_wakeup, S:01
 # expires at 356438752135766-356438752185766 nsecs [in 848931449990 to 848931499990 nsecs]
 #92: <0000000000000000>, hrtimer_wakeup, S:01
 # expires at 356441048497151-356441048547151 nsecs [in 851227811375 to 851227861375 nsecs]
 #93: <0000000000000000>, hrtimer_wakeup, S:01
 # expires at 356442227877694-356442227927694 nsecs [in 852407191918 to 852407241918 nsecs]
 #94: <0000000000000000>, hrtimer_wakeup, S:01
 # expires at 356450443451141-356450443501141 nsecs [in 860622765365 to 860622815365 nsecs]
 #95: <0000000000000000>, hrtimer_wakeup, S:01
 # expires at 356451004128228-356451004178228 nsecs [in 861183442452 to 861183492452 nsecs]
 #96: <0000000000000000>, hrtimer_wakeup, S:01
 # expires at 356576868234728-356576868284728 nsecs [in 987047548952 to 987047598952 nsecs]
 #97: <0000000000000000>, hrtimer_wakeup, S:01
 # expires at 356714058602167-356714058652167 nsecs [in 1124237916391 to 1124237966391 nsecs]
 #98: <0000000000000000>, hrtimer_wakeup, S:01
 # expires at 357034119163140-357034119213140 nsecs [in 1444298477364 to 1444298527364 nsecs]
 #99: <0000000000000000>, hrtimer_wakeup, S:01
 # expires at 357052948200160-357053048200160 nsecs [in 1463127514384 to 1463227514384 nsecs]
 #100: <0000000000000000>, hrtimer_wakeup, S:01
 # expires at 357334568390007-357334668390007 nsecs [in 1744747704231 to 1744847704231 nsecs]
 #101: <0000000000000000>, hrtimer_wakeup, S:01
 # expires at 357446352607291-357446452607291 nsecs [in 1856531921515 to 1856631921515 nsecs]
 #102: <0000000000000000>, hrtimer_wakeup, S:01
 # expires at 357662456709394-357662556709394 nsecs [in 2072636023618 to 2072736023618 nsecs]
 #103: <0000000000000000>, hrtimer_wakeup, S:01
 # expires at 360745822638423-360745822688423 nsecs [in 5156001952647 to 5156002002647 nsecs]
 #104: <0000000000000000>, hrtimer_wakeup, S:01
 # expires at 360745822639500-360745822689500 nsecs [in 5156001953724 to 5156002003724 nsecs]
 #105: <0000000000000000>, hrtimer_wakeup, S:01
 # expires at 360745822735885-360745822785885 nsecs [in 5156002050109 to 5156002100109 nsecs]
 #106: <0000000000000000>, hrtimer_wakeup, S:01
 # expires at 361707709427688-361707709477688 nsecs [in 6117888741912 to 6117888791912 nsecs]
 #107: <0000000000000000>, hrtimer_wakeup, S:01
 # expires at 363034027458930-363034127458930 nsecs [in 7444206773154 to 7444306773154 nsecs]
 #108: <0000000000000000>, hrtimer_wakeup, S:01
 # expires at 374442106858568-374442106908568 nsecs [in 18852286172792 to 18852286222792 nsecs]
 #109: <0000000000000000>, hrtimer_wakeup, S:01
 # expires at 376999851868533-376999851918533 nsecs [in 21410031182757 to 21410031232757 nsecs]
 #110: <0000000000000000>, hrtimer_wakeup, S:01
 # expires at 377020491124842-377020491174842 nsecs [in 21430670439066 to 21430670489066 nsecs]
 #111: <0000000000000000>, hrtimer_wakeup, S:01
 # expires at 398429764506601-398429764556601 nsecs [in 42839943820825 to 42839943870825 nsecs]
 #112: <0000000000000000>, hrtimer_wakeup, S:01
 # expires at 398624009551305-398624009601305 nsecs [in 43034188865529 to 43034188915529 nsecs]
 #113: <0000000000000000>, hrtimer_wakeup, S:01
 # expires at 403882876395815-403882876445815 nsecs [in 48293055710039 to 48293055760039 nsecs]
 #114: <0000000000000000>, hrtimer_wakeup, S:01
 # expires at 403883069521199-403883069571199 nsecs [in 48293248835423 to 48293248885423 nsecs]
 #115: <0000000000000000>, hrtimer_wakeup, S:01
 # expires at 403883154979507-403883155029507 nsecs [in 48293334293731 to 48293334343731 nsecs]
 #116: <0000000000000000>, hrtimer_wakeup, S:01
 # expires at 403883155232815-403883155282815 nsecs [in 48293334547039 to 48293334597039 nsecs]
 #117: <0000000000000000>, hrtimer_wakeup, S:01
 # expires at 403883159793277-403883159843277 nsecs [in 48293339107501 to 48293339157501 nsecs]
 #118: <0000000000000000>, hrtimer_wakeup, S:01
 # expires at 403883160029508-403883160079508 nsecs [in 48293339343732 to 48293339393732 nsecs]
 #119: <0000000000000000>, hrtimer_wakeup, S:01
 # expires at 416720916121314-416721016121314 nsecs [in 61131095435538 to 61131195435538 nsecs]
 #120: <0000000000000000>, hrtimer_wakeup, S:01
 # expires at 432040531629540-432040531679540 nsecs [in 76450710943764 to 76450710993764 nsecs]
 #121: <0000000000000000>, hrtimer_wakeup, S:01
 # expires at 432040564647770-432040564697770 nsecs [in 76450743961994 to 76450744011994 nsecs]
 #122: <0000000000000000>, hrtimer_wakeup, S:01
 # expires at 432040589026694-432040589076694 nsecs [in 76450768340918 to 76450768390918 nsecs]
 #123: <0000000000000000>, hrtimer_wakeup, S:01
 # expires at 432040622756617-432040622806617 nsecs [in 76450802070841 to 76450802120841 nsecs]
 #124: <0000000000000000>, hrtimer_wakeup, S:01
 # expires at 432040623002233-432040623052233 nsecs [in 76450802316457 to 76450802366457 nsecs]
 #125: <0000000000000000>, hrtimer_wakeup, S:01
 # expires at 432040635383387-432040635433387 nsecs [in 76450814697611 to 76450814747611 nsecs]
 #126: <0000000000000000>, hrtimer_wakeup, S:01
 # expires at 432040635564694-432040635614694 nsecs [in 76450814878918 to 76450814928918 nsecs]
 #127: <0000000000000000>, hrtimer_wakeup, S:01
 # expires at 432040637332463-432040637382463 nsecs [in 76450816646687 to 76450816696687 nsecs]
 #128: <0000000000000000>, hrtimer_wakeup, S:01
 # expires at 432040637496156-432040637546156 nsecs [in 76450816810380 to 76450816860380 nsecs]
 #129: <0000000000000000>, hrtimer_wakeup, S:01
 # expires at 432040818352156-432040818402156 nsecs [in 76450997666380 to 76450997716380 nsecs]
 #130: <0000000000000000>, hrtimer_wakeup, S:01
 # expires at 432122560274084-432122660274084 nsecs [in 76532739588308 to 76532839588308 nsecs]
 #131: <0000000000000000>, hrtimer_wakeup, S:01
 # expires at 950114393046006-950114493046006 nsecs [in 594524572360230 to 594524672360230 nsecs]
 #132: <0000000000000000>, hrtimer_wakeup, S:01
 # expires at 633437453835869345-633437453835919345 nsecs [in 633081864015183569 to 633081864015233569 nsecs]
 #133: <0000000000000000>, hrtimer_wakeup, S:01
 # expires at 633761637709828098-633761637709878098 nsecs [in 633406047889142322 to 633406047889192322 nsecs]
 #134: <0000000000000000>, hrtimer_wakeup, S:01
 # expires at 633791925599464055-633791925599514055 nsecs [in 633436335778778279 to 633436335778828279 nsecs]
 #135: <0000000000000000>, hrtimer_wakeup, S:01
 # expires at 633791925615993363-633791925616043363 nsecs [in 633436335795307587 to 633436335795357587 nsecs]
 #136: <0000000000000000>, hrtimer_wakeup, S:01
 # expires at 1550468245791685595-1550468245791735595 nsecs [in 1550112655970999819 to 1550112655971049819 nsecs]
 #137: <0000000000000000>, hrtimer_wakeup, S:01
 # expires at 9223372036854775807-9223372036854775807 nsecs [in 9223016447034090031 to 9223016447034090031 nsecs]
 clock 1:
  .base:       0000000000000000
  .index:      1
  .resolution: 1 nsecs
  .get_time:   ktime_get_real
  .offset:     1549858467084534682 nsecs
active timers:
 clock 2:
  .base:       0000000000000000
  .index:      2
  .resolution: 1 nsecs
  .get_time:   ktime_get_boottime
  .offset:     115304816062411 nsecs
active timers:
 #0: <0000000000000000>, devalarm_hrthandler, S:01
 # expires at 470897732000000-470897732000000 nsecs [in 115307911314224 to 115307911314224 nsecs]
 #1: <0000000000000000>, alarmtimer_fired, S:01
 # expires at 470906831000000-470906831000000 nsecs [in 115317010314224 to 115317010314224 nsecs]
 clock 3:
  .base:       0000000000000000
  .index:      3
  .resolution: 1 nsecs
  .get_time:   ktime_get_clocktai
  .offset:     1549858467084534682 nsecs
active timers:
  .expires_next   : 355589840000000 nsecs
  .hres_active    : 1
  .nr_events      : 43540492
  .nr_retries     : 38759
  .nr_hangs       : 0
  .max_hang_time  : 0 nsecs
  .nohz_mode      : 2
  .last_tick      : 355589810000000 nsecs
  .tick_stopped   : 0
  .idle_jiffies   : 4330496277
  .idle_calls     : 127963510
  .idle_sleeps    : 38380067
  .idle_entrytime : 355589802109392 nsecs
  .idle_waketime  : 355589802109392 nsecs
  .idle_exittime  : 355589802159315 nsecs
  .idle_sleeptime : 208907882785938 nsecs
  .iowait_sleeptime: 6341167526810 nsecs
  .last_jiffies   : 4330496277
  .next_jiffies   : 4330496279
  .idle_expires   : 355589820000000 nsecs
jiffies: 4330496280

cpu: 1
 clock 0:
  .base:       0000000000000000
  .index:      0
  .resolution: 1 nsecs
  .get_time:   ktime_get
  .offset:     0 nsecs
active timers:
 #0: <0000000000000000>, tick_sched_timer, S:01
 # expires at 355589840000000-355589840000000 nsecs [in 19314224 to 19314224 nsecs]
 #1: <0000000000000000>, watchdog_timer_fn, S:01
 # expires at 355589931778852-355589931778852 nsecs [in 111093076 to 111093076 nsecs]
 #2: <0000000000000000>, hrtimer_wakeup, S:01
 # expires at 355590000109930-355590005109928 nsecs [in 179424154 to 184424152 nsecs]
 #3: <0000000000000000>, hrtimer_wakeup, S:01
 # expires at 355590031430457-355590031480457 nsecs [in 210744681 to 210794681 nsecs]
 #4: <0000000000000000>, hrtimer_wakeup, S:01
 # expires at 355590099057930-355590099107930 nsecs [in 278372154 to 278422154 nsecs]
 #5: <0000000000000000>, hrtimer_wakeup, S:01
 # expires at 355590107063698-355590107113698 nsecs [in 286377922 to 286427922 nsecs]
 #6: <0000000000000000>, hrtimer_wakeup, S:01
 # expires at 355590149937622-355590149987622 nsecs [in 329251846 to 329301846 nsecs]
 #7: <0000000000000000>, hrtimer_wakeup, S:01
 # expires at 355590615149699-355590616149696 nsecs [in 794463923 to 795463920 nsecs]
 #8: <0000000000000000>, hrtimer_wakeup, S:01
 # expires at 355590705236315-355590710236309 nsecs [in 884550539 to 889550533 nsecs]
 #9: <0000000000000000>, hrtimer_wakeup, S:01
 # expires at 355590767855314-355590767905314 nsecs [in 947169538 to 947219538 nsecs]
 #10: <0000000000000000>, hrtimer_wakeup, S:01
 # expires at 355590820815325-355590820865325 nsecs [in 1000129549 to 1000179549 nsecs]
 #11: <0000000000000000>, hrtimer_wakeup, S:01
 # expires at 355591091472391-355591091522391 nsecs [in 1270786615 to 1270836615 nsecs]
 #12: <0000000000000000>, hrtimer_wakeup, S:01
 # expires at 355591561409930-355591563327929 nsecs [in 1740724154 to 1742642153 nsecs]
 #13: <0000000000000000>, hrtimer_wakeup, S:01
 # expires at 355591657312930-355591660311929 nsecs [in 1836627154 to 1839626153 nsecs]
 #14: <0000000000000000>, hrtimer_wakeup, S:01
 # expires at 355591762881775-355591762931775 nsecs [in 1942195999 to 1942245999 nsecs]
 #15: <0000000000000000>, hrtimer_wakeup, S:01
 # expires at 355591941083545-355591943464544 nsecs [in 2120397769 to 2122778768 nsecs]
 #16: <0000000000000000>, hrtimer_wakeup, S:01
 # expires at 355591987588351-355591987638351 nsecs [in 2166902575 to 2166952575 nsecs]
 #17: <0000000000000000>, hrtimer_wakeup, S:01
 # expires at 355593235022391-355593235072391 nsecs [in 3414336615 to 3414386615 nsecs]
 #18: <0000000000000000>, hrtimer_wakeup, S:01
 # expires at 355593641990699-355593642040699 nsecs [in 3821304923 to 3821354923 nsecs]
 #19: <0000000000000000>, hrtimer_wakeup, S:01
 # expires at 355594519828613-355594519878613 nsecs [in 4699142837 to 4699192837 nsecs]
 #20: <0000000000000000>, hrtimer_wakeup, S:01
 # expires at 355595151951391-355595195806388 nsecs [in 5331265615 to 5375120612 nsecs]
 #21: <0000000000000000>, hrtimer_wakeup, S:01
 # expires at 355595146741314-355595196741308 nsecs [in 5326055538 to 5376055532 nsecs]
 #22: <0000000000000000>, hrtimer_wakeup, S:01
 # expires at 355596529752468-355596541726467 nsecs [in 6709066692 to 6721040691 nsecs]
 #23: <0000000000000000>, hrtimer_wakeup, S:01
 # expires at 355609537756622-355609567756620 nsecs [in 19717070846 to 19747070844 nsecs]
 #24: <0000000000000000>, hrtimer_wakeup, S:01
 # expires at 355610387827468-355610387877468 nsecs [in 20567141692 to 20567191692 nsecs]
 #25: <0000000000000000>, hrtimer_wakeup, S:01
 # expires at 355614184864468-355614184914468 nsecs [in 24364178692 to 24364228692 nsecs]
 #26: <0000000000000000>, hrtimer_wakeup, S:01
 # expires at 355617648108083-355617648158083 nsecs [in 27827422307 to 27827472307 nsecs]
 #27: <0000000000000000>, hrtimer_wakeup, S:01
 # expires at 355617648155699-355617648205699 nsecs [in 27827469923 to 27827519923 nsecs]
 #28: <0000000000000000>, hrtimer_wakeup, S:01
 # expires at 355618066395391-355618066445391 nsecs [in 28245709615 to 28245759615 nsecs]
 #29: <0000000000000000>, hrtimer_wakeup, S:01
 # expires at 355622441953699-355622482095698 nsecs [in 32621267923 to 32661409922 nsecs]
 #30: <0000000000000000>, hrtimer_wakeup, S:01
 # expires at 355643504926007-355643504976007 nsecs [in 53684240231 to 53684290231 nsecs]
 #31: <0000000000000000>, hrtimer_wakeup, S:01
 # expires at 355721181202699-355721281202699 nsecs [in 131360516923 to 131460516923 nsecs]
 #32: <0000000000000000>, hrtimer_wakeup, S:01
 # expires at 355883504870853-355883604870853 nsecs [in 293684185077 to 293784185077 nsecs]
 #33: <0000000000000000>, hrtimer_wakeup, S:01
 # expires at 356174128364622-356174228364622 nsecs [in 584307678846 to 584407678846 nsecs]
 #34: <0000000000000000>, hrtimer_wakeup, S:01
 # expires at 356183995667083-356184095667083 nsecs [in 594174981307 to 594274981307 nsecs]
 #35: <0000000000000000>, hrtimer_wakeup, S:01
 # expires at 359182985012853-359183085012853 nsecs [in 3593164327077 to 3593264327077 nsecs]
 #36: <0000000000000000>, hrtimer_wakeup, S:01
 # expires at 373532916238545-373533016238545 nsecs [in 17943095552769 to 17943195552769 nsecs]
 #37: <0000000000000000>, hrtimer_wakeup, S:01
 # expires at 378942916895083-378943016895083 nsecs [in 23353096209307 to 23353196209307 nsecs]
 #38: <0000000000000000>, hrtimer_wakeup, S:01
 # expires at 398611138506843-398611138556843 nsecs [in 43021317821067 to 43021317871067 nsecs]
 #39: <0000000000000000>, hrtimer_wakeup, S:01
